Component: ARM Compiler 5.05 update 1 (build 106) Tool: armlink [4d0efa]

==============================================================================

Section Cross References

    startup_stm32f10x_md.o(RESET) refers to startup_stm32f10x_md.o(STACK) for __initial_sp
    startup_stm32f10x_md.o(RESET) refers to startup_stm32f10x_md.o(.text) for Reset_Handler
    startup_stm32f10x_md.o(RESET) refers to stm32f10x_it.o(i.NMI_Handler) for NMI_Handler
    startup_stm32f10x_md.o(RESET) refers to stm32f10x_it.o(i.HardFault_Handler) for HardFault_Handler
    startup_stm32f10x_md.o(RESET) refers to stm32f10x_it.o(i.MemManage_Handler) for MemManage_Handler
    startup_stm32f10x_md.o(RESET) refers to stm32f10x_it.o(i.BusFault_Handler) for BusFault_Handler
    startup_stm32f10x_md.o(RESET) refers to stm32f10x_it.o(i.UsageFault_Handler) for UsageFault_Handler
    startup_stm32f10x_md.o(RESET) refers to stm32f10x_it.o(i.SVC_Handler) for SVC_Handler
    startup_stm32f10x_md.o(RESET) refers to stm32f10x_it.o(i.DebugMon_Handler) for DebugMon_Handler
    startup_stm32f10x_md.o(RESET) refers to stm32f10x_it.o(i.PendSV_Handler) for PendSV_Handler
    startup_stm32f10x_md.o(RESET) refers to stm32f10x_it.o(i.SysTick_Handler) for SysTick_Handler
    startup_stm32f10x_md.o(RESET) refers to servo.o(i.TIM4_IRQHandler) for TIM4_IRQHandler
    startup_stm32f10x_md.o(RESET) refers to serial.o(i.USART1_IRQHandler) for USART1_IRQHandler
    startup_stm32f10x_md.o(RESET) refers to serial.o(i.USART2_IRQHandler) for USART2_IRQHandler
    startup_stm32f10x_md.o(.text) refers to system_stm32f10x.o(i.SystemInit) for SystemInit
    startup_stm32f10x_md.o(.text) refers to entry.o(.ARM.Collect$$$$00000000) for __main
    system_stm32f10x.o(i.SetSysClock) refers to system_stm32f10x.o(i.SetSysClockTo72) for SetSysClockTo72
    system_stm32f10x.o(i.SystemCoreClockUpdate) refers to system_stm32f10x.o(.data) for SystemCoreClock
    system_stm32f10x.o(i.SystemInit) refers to system_stm32f10x.o(i.SetSysClock) for SetSysClock
    stm32f10x_adc.o(i.ADC_DeInit) refers to stm32f10x_rcc.o(i.RCC_APB2PeriphResetCmd) for RCC_APB2PeriphResetCmd
    stm32f10x_bkp.o(i.BKP_DeInit) refers to stm32f10x_rcc.o(i.RCC_BackupResetCmd) for RCC_BackupResetCmd
    stm32f10x_can.o(i.CAN_DeInit) refers to stm32f10x_rcc.o(i.RCC_APB1PeriphResetCmd) for RCC_APB1PeriphResetCmd
    stm32f10x_can.o(i.CAN_GetITStatus) refers to stm32f10x_can.o(i.CheckITStatus) for CheckITStatus
    stm32f10x_cec.o(i.CEC_DeInit) refers to stm32f10x_rcc.o(i.RCC_APB1PeriphResetCmd) for RCC_APB1PeriphResetCmd
    stm32f10x_dac.o(i.DAC_DeInit) refers to stm32f10x_rcc.o(i.RCC_APB1PeriphResetCmd) for RCC_APB1PeriphResetCmd
    stm32f10x_flash.o(i.FLASH_EnableWriteProtection) refers to stm32f10x_flash.o(i.FLASH_WaitForLastOperation) for FLASH_WaitForLastOperation
    stm32f10x_flash.o(i.FLASH_EraseAllBank1Pages) refers to stm32f10x_flash.o(i.FLASH_WaitForLastBank1Operation) for FLASH_WaitForLastBank1Operation
    stm32f10x_flash.o(i.FLASH_EraseAllPages) refers to stm32f10x_flash.o(i.FLASH_WaitForLastOperation) for FLASH_WaitForLastOperation
    stm32f10x_flash.o(i.FLASH_EraseOptionBytes) refers to stm32f10x_flash.o(i.FLASH_GetReadOutProtectionStatus) for FLASH_GetReadOutProtectionStatus
    stm32f10x_flash.o(i.FLASH_EraseOptionBytes) refers to stm32f10x_flash.o(i.FLASH_WaitForLastOperation) for FLASH_WaitForLastOperation
    stm32f10x_flash.o(i.FLASH_ErasePage) refers to stm32f10x_flash.o(i.FLASH_WaitForLastOperation) for FLASH_WaitForLastOperation
    stm32f10x_flash.o(i.FLASH_ProgramHalfWord) refers to stm32f10x_flash.o(i.FLASH_WaitForLastOperation) for FLASH_WaitForLastOperation
    stm32f10x_flash.o(i.FLASH_ProgramOptionByteData) refers to stm32f10x_flash.o(i.FLASH_WaitForLastOperation) for FLASH_WaitForLastOperation
    stm32f10x_flash.o(i.FLASH_ProgramWord) refers to stm32f10x_flash.o(i.FLASH_WaitForLastOperation) for FLASH_WaitForLastOperation
    stm32f10x_flash.o(i.FLASH_ReadOutProtection) refers to stm32f10x_flash.o(i.FLASH_WaitForLastOperation) for FLASH_WaitForLastOperation
    stm32f10x_flash.o(i.FLASH_UserOptionByteConfig) refers to stm32f10x_flash.o(i.FLASH_WaitForLastOperation) for FLASH_WaitForLastOperation
    stm32f10x_flash.o(i.FLASH_WaitForLastBank1Operation) refers to stm32f10x_flash.o(i.FLASH_GetBank1Status) for FLASH_GetBank1Status
    stm32f10x_flash.o(i.FLASH_WaitForLastOperation) refers to stm32f10x_flash.o(i.FLASH_GetBank1Status) for FLASH_GetBank1Status
    stm32f10x_gpio.o(i.GPIO_AFIODeInit) refers to stm32f10x_rcc.o(i.RCC_APB2PeriphResetCmd) for RCC_APB2PeriphResetCmd
    stm32f10x_gpio.o(i.GPIO_DeInit) refers to stm32f10x_rcc.o(i.RCC_APB2PeriphResetCmd) for RCC_APB2PeriphResetCmd
    stm32f10x_i2c.o(i.I2C_DeInit) refers to stm32f10x_rcc.o(i.RCC_APB1PeriphResetCmd) for RCC_APB1PeriphResetCmd
    stm32f10x_i2c.o(i.I2C_Init) refers to stm32f10x_rcc.o(i.RCC_GetClocksFreq) for RCC_GetClocksFreq
[...]
    Removing stm32f10x_rcc.o(i.RCC_ClockSecuritySystemCmd), (12 bytes).
    Removing stm32f10x_rcc.o(i.RCC_DeInit), (76 bytes).
    Removing stm32f10x_rcc.o(i.RCC_GetFlagStatus), (60 bytes).
    Removing stm32f10x_rcc.o(i.RCC_GetITStatus), (24 bytes).
    Removing stm32f10x_rcc.o(i.RCC_GetSYSCLKSource), (16 bytes).
    Removing stm32f10x_rcc.o(i.RCC_HCLKConfig), (24 bytes).
    Removing stm32f10x_rcc.o(i.RCC_HSEConfig), (76 bytes).
    Removing stm32f10x_rcc.o(i.RCC_HSICmd), (12 bytes).
    Removing stm32f10x_rcc.o(i.RCC_ITConfig), (32 bytes).
    Removing stm32f10x_rcc.o(i.RCC_LSEConfig), (52 bytes).
    Removing stm32f10x_rcc.o(i.RCC_LSICmd), (12 bytes).
    Removing stm32f10x_rcc.o(i.RCC_MCOConfig), (12 bytes).
    Removing stm32f10x_rcc.o(i.RCC_PCLK1Config), (24 bytes).
    Removing stm32f10x_rcc.o(i.RCC_PCLK2Config), (24 bytes).
    Removing stm32f10x_rcc.o(i.RCC_PLLCmd), (12 bytes).
    Removing stm32f10x_rcc.o(i.RCC_PLLConfig), (28 bytes).
    Removing stm32f10x_rcc.o(i.RCC_RTCCLKCmd), (12 bytes).
    Removing stm32f10x_rcc.o(i.RCC_RTCCLKConfig), (16 bytes).
    Removing stm32f10x_rcc.o(i.RCC_SYSCLKConfig), (24 bytes).
    Removing stm32f10x_rcc.o(i.RCC_USBCLKConfig), (12 bytes).
    Removing stm32f10x_rcc.o(i.RCC_WaitForHSEStartUp), (56 bytes).
    Removing stm32f10x_rtc.o(i.RTC_ClearFlag), (16 bytes).
    Removing stm32f10x_rtc.o(i.RTC_ClearITPendingBit), (16 bytes).
    Removing stm32f10x_rtc.o(i.RTC_EnterConfigMode), (20 bytes).
    Removing stm32f10x_rtc.o(i.RTC_ExitConfigMode), (20 bytes).
    Removing stm32f10x_rtc.o(i.RTC_GetCounter), (20 bytes).
    Removing stm32f10x_rtc.o(i.RTC_GetDivider), (24 bytes).
    Removing stm32f10x_rtc.o(i.RTC_GetFlagStatus), (24 bytes).
    Removing stm32f10x_rtc.o(i.RTC_GetITStatus), (36 bytes).
    Removing stm32f10x_rtc.o(i.RTC_ITConfig), (32 bytes).
    Removing stm32f10x_rtc.o(i.RTC_SetAlarm), (28 bytes).
    Removing stm32f10x_rtc.o(i.RTC_SetCounter), (28 bytes).
    Removing stm32f10x_rtc.o(i.RTC_SetPrescaler), (32 bytes).
    Removing stm32f10x_rtc.o(i.RTC_WaitForLastTask), (20 bytes).
    Removing stm32f10x_rtc.o(i.RTC_WaitForSynchro), (36 bytes).
    Removing stm32f10x_sdio.o(i.SDIO_CEATAITCmd), (16 bytes).
    Removing stm32f10x_sdio.o(i.SDIO_ClearFlag), (12 bytes).
    Removing stm32f10x_sdio.o(i.SDIO_ClearITPendingBit), (12 bytes).
    Removing stm32f10x_sdio.o(i.SDIO_ClockCmd), (12 bytes).
    Removing stm32f10x_sdio.o(i.SDIO_CmdStructInit), (14 bytes).
    Removing stm32f10x_sdio.o(i.SDIO_CommandCompletionCmd), (12 bytes).
    Removing stm32f10x_sdio.o(i.SDIO_DMACmd), (12 bytes).
    Removing stm32f10x_sdio.o(i.SDIO_DataConfig), (48 bytes).
    Removing stm32f10x_sdio.o(i.SDIO_DataStructInit), (20 bytes).
    Removing stm32f10x_sdio.o(i.SDIO_DeInit), (36 bytes).
    Removing stm32f10x_sdio.o(i.SDIO_GetCommandResponse), (12 bytes).
    Removing stm32f10x_sdio.o(i.SDIO_GetDataCounter), (12 bytes).
    Removing stm32f10x_sdio.o(i.SDIO_GetFIFOCount), (12 bytes).
    Removing stm32f10x_sdio.o(i.SDIO_GetFlagStatus), (24 bytes).
    Removing stm32f10x_sdio.o(i.SDIO_GetITStatus), (24 bytes).
    Removing stm32f10x_sdio.o(i.SDIO_GetPowerState), (16 bytes).
    Removing stm32f10x_sdio.o(i.SDIO_GetResponse), (24 bytes).
    Removing stm32f10x_sdio.o(i.SDIO_ITConfig), (32 bytes).
    Removing stm32f10x_sdio.o(i.SDIO_Init), (48 bytes).
    Removing stm32f10x_sdio.o(i.SDIO_ReadData), (12 bytes).
    Removing stm32f10x_sdio.o(i.SDIO_SendCEATACmd), (12 bytes).
    Removing stm32f10x_sdio.o(i.SDIO_SendCommand), (44 bytes).
    Removing stm32f10x_sdio.o(i.SDIO_SendSDIOSuspendCmd), (12 bytes).
    Removing stm32f10x_sdio.o(i.SDIO_SetPowerState), (28 bytes).
    Removing stm32f10x_sdio.o(i.SDIO_SetSDIOOperation), (12 bytes).
    Removing stm32f10x_sdio.o(i.SDIO_SetSDIOReadWaitMode), (12 bytes).
    Removing stm32f10x_sdio.o(i.SDIO_StartSDIOReadWait), (12 bytes).
    Removing stm32f10x_sdio.o(i.SDIO_StopSDIOReadWait), (12 bytes).
    Removing stm32f10x_sdio.o(i.SDIO_StructInit), (16 bytes).
    Removing stm32f10x_sdio.o(i.SDIO_WriteData), (12 bytes).
    Removing stm32f10x_spi.o(i.I2S_Cmd), (24 bytes).
    Removing stm32f10x_spi.o(i.I2S_Init), (232 bytes).
    Removing stm32f10x_spi.o(i.I2S_StructInit), (20 bytes).
    Removing stm32f10x_spi.o(i.SPI_BiDirectionalLineConfig), (28 bytes).
    Removing stm32f10x_spi.o(i.SPI_CalculateCRC), (24 bytes).
    Removing stm32f10x_spi.o(i.SPI_Cmd), (24 bytes).
    Removing stm32f10x_spi.o(i.SPI_DataSizeConfig), (18 bytes).
    Removing stm32f10x_spi.o(i.SPI_GetCRC), (16 bytes).
    Removing stm32f10x_spi.o(i.SPI_GetCRCPolynomial), (6 bytes).
    Removing stm32f10x_spi.o(i.SPI_I2S_ClearFlag), (6 bytes).
    Removing stm32f10x_spi.o(i.SPI_I2S_ClearITPendingBit), (20 bytes).
    Removing stm32f10x_spi.o(i.SPI_I2S_DMACmd), (18 bytes).
    Removing stm32f10x_spi.o(i.SPI_I2S_DeInit), (88 bytes).
    Removing stm32f10x_spi.o(i.SPI_I2S_GetFlagStatus), (18 bytes).
    Removing stm32f10x_spi.o(i.SPI_I2S_GetITStatus), (52 bytes).
    Removing stm32f10x_spi.o(i.SPI_I2S_ITConfig), (32 bytes).
    Removing stm32f10x_spi.o(i.SPI_I2S_ReceiveData), (6 bytes).
    Removing stm32f10x_spi.o(i.SPI_I2S_SendData), (4 bytes).
    Removing stm32f10x_spi.o(i.SPI_Init), (60 bytes).
    Removing stm32f10x_spi.o(i.SPI_NSSInternalSoftwareConfig), (30 bytes).
    Removing stm32f10x_spi.o(i.SPI_SSOutputCmd), (24 bytes).
    Removing stm32f10x_spi.o(i.SPI_StructInit), (24 bytes).
    Removing stm32f10x_spi.o(i.SPI_TransmitCRC), (10 bytes).
    Removing stm32f10x_tim.o(i.TI1_Config), (128 bytes).
    Removing stm32f10x_tim.o(i.TI2_Config), (152 bytes).
    Removing stm32f10x_tim.o(i.TI3_Config), (144 bytes).
    Removing stm32f10x_tim.o(i.TI4_Config), (152 bytes).
    Removing stm32f10x_tim.o(i.TIM_ARRPreloadConfig), (24 bytes).
    Removing stm32f10x_tim.o(i.TIM_BDTRConfig), (32 bytes).
    Removing stm32f10x_tim.o(i.TIM_BDTRStructInit), (18 bytes).
    Removing stm32f10x_tim.o(i.TIM_CCPreloadControl), (24 bytes).
    Removing stm32f10x_tim.o(i.TIM_CCxCmd), (30 bytes).
    Removing stm32f10x_tim.o(i.TIM_CCxNCmd), (30 bytes).
    Removing stm32f10x_tim.o(i.TIM_ClearOC1Ref), (18 bytes).
    Removing stm32f10x_tim.o(i.TIM_ClearOC2Ref), (24 bytes).
    Removing stm32f10x_tim.o(i.TIM_ClearOC3Ref), (18 bytes).
    Removing stm32f10x_tim.o(i.TIM_ClearOC4Ref), (24 bytes).
    Removing stm32f10x_tim.o(i.TIM_CounterModeConfig), (18 bytes).
    Removing stm32f10x_tim.o(i.TIM_CtrlPWMOutputs), (30 bytes).
    Removing stm32f10x_tim.o(i.TIM_DMACmd), (18 bytes).
    Removing stm32f10x_tim.o(i.TIM_DMAConfig), (10 bytes).
    Removing stm32f10x_tim.o(i.TIM_DeInit), (488 bytes).
    Removing stm32f10x_tim.o(i.TIM_ETRClockMode1Config), (54 bytes).
    Removing stm32f10x_tim.o(i.TIM_ETRClockMode2Config), (32 bytes).
    Removing stm32f10x_tim.o(i.TIM_ETRConfig), (28 bytes).
    Removing stm32f10x_tim.o(i.TIM_EncoderInterfaceConfig), (66 bytes).
    Removing stm32f10x_tim.o(i.TIM_ForcedOC1Config), (18 bytes).
    Removing stm32f10x_tim.o(i.TIM_ForcedOC2Config), (26 bytes).
    Removing stm32f10x_tim.o(i.TIM_ForcedOC3Config), (18 bytes).
    Removing stm32f10x_tim.o(i.TIM_ForcedOC4Config), (26 bytes).
    Removing stm32f10x_tim.o(i.TIM_GenerateEvent), (4 bytes).
    Removing stm32f10x_tim.o(i.TIM_GetCapture1), (6 bytes).
    Removing stm32f10x_tim.o(i.TIM_GetCapture2), (6 bytes).
    Removing stm32f10x_tim.o(i.TIM_GetCapture3), (6 bytes).
    Removing stm32f10x_tim.o(i.TIM_GetCapture4), (8 bytes).
    Removing stm32f10x_tim.o(i.TIM_GetCounter), (6 bytes).
    Removing stm32f10x_tim.o(i.TIM_GetFlagStatus), (18 bytes).
    Removing stm32f10x_tim.o(i.TIM_GetPrescaler), (6 bytes).
    Removing stm32f10x_tim.o(i.TIM_ICInit), (172 bytes).
    Removing stm32f10x_tim.o(i.TIM_ICStructInit), (18 bytes).
    Removing stm32f10x_tim.o(i.TIM_ITRxExternalClockConfig), (24 bytes).
    Removing stm32f10x_tim.o(i.TIM_OC1FastConfig), (18 bytes).
    Removing stm32f10x_tim.o(i.TIM_OC1NPolarityConfig), (18 bytes).
    Removing stm32f10x_tim.o(i.TIM_OC1PolarityConfig), (18 bytes).
    Removing stm32f10x_tim.o(i.TIM_OC1PreloadConfig), (18 bytes).
    Removing stm32f10x_tim.o(i.TIM_OC2FastConfig), (26 bytes).
    Removing stm32f10x_tim.o(i.TIM_OC2NPolarityConfig), (26 bytes).
    Removing stm32f10x_tim.o(i.TIM_OC2PolarityConfig), (26 bytes).
    Removing stm32f10x_tim.o(i.TIM_OC2PreloadConfig), (26 bytes).
    Removing stm32f10x_tim.o(i.TIM_OC3FastConfig), (18 bytes).
    Removing stm32f10x_tim.o(i.TIM_OC3NPolarityConfig), (26 bytes).
    Removing stm32f10x_tim.o(i.TIM_OC3PolarityConfig), (26 bytes).
    Removing stm32f10x_tim.o(i.TIM_OC3PreloadConfig), (18 bytes).
    Removing stm32f10x_tim.o(i.TIM_OC4FastConfig), (26 bytes).
    Removing stm32f10x_tim.o(i.TIM_OC4PolarityConfig), (26 bytes).
    Removing stm32f10x_tim.o(i.TIM_OC4PreloadConfig), (26 bytes).
    Removing stm32f10x_tim.o(i.TIM_PWMIConfig), (124 bytes).
    Removing stm32f10x_tim.o(i.TIM_PrescalerConfig), (6 bytes).
    Removing stm32f10x_tim.o(i.TIM_SelectCCDMA), (24 bytes).
    Removing stm32f10x_tim.o(i.TIM_SelectCOM), (24 bytes).
    Removing stm32f10x_tim.o(i.TIM_SelectHallSensor), (24 bytes).
    Removing stm32f10x_tim.o(i.TIM_SelectInputTrigger), (18 bytes).
    Removing stm32f10x_tim.o(i.TIM_SelectMasterSlaveMode), (18 bytes).
    Removing stm32f10x_tim.o(i.TIM_SelectOCxM), (82 bytes).
    Removing stm32f10x_tim.o(i.TIM_SelectOnePulseMode), (18 bytes).
    Removing stm32f10x_tim.o(i.TIM_SelectOutputTrigger), (18 bytes).
    Removing stm32f10x_tim.o(i.TIM_SelectSlaveMode), (18 bytes).
    Removing stm32f10x_tim.o(i.TIM_SetAutoreload), (4 bytes).
    Removing stm32f10x_tim.o(i.TIM_SetClockDivision), (18 bytes).
    Removing stm32f10x_tim.o(i.TIM_SetCompare4), (6 bytes).
    Removing stm32f10x_tim.o(i.TIM_SetCounter), (4 bytes).
    Removing stm32f10x_tim.o(i.TIM_SetIC1Prescaler), (18 bytes).
    Removing stm32f10x_tim.o(i.TIM_SetIC2Prescaler), (26 bytes).
    Removing stm32f10x_tim.o(i.TIM_SetIC3Prescaler), (18 bytes).
    Removing stm32f10x_tim.o(i.TIM_SetIC4Prescaler), (26 bytes).
    Removing stm32f10x_tim.o(i.TIM_TIxExternalClockConfig), (62 bytes).
    Removing stm32f10x_tim.o(i.TIM_TimeBaseStructInit), (18 bytes).
    Removing stm32f10x_tim.o(i.TIM_UpdateDisableConfig), (24 bytes).
    Removing stm32f10x_tim.o(i.TIM_UpdateRequestConfig), (24 bytes).
    Removing stm32f10x_usart.o(i.USART_ClearFlag), (18 bytes).
    Removing stm32f10x_usart.o(i.USART_ClockInit), (34 bytes).
    Removing stm32f10x_usart.o(i.USART_ClockStructInit), (12 bytes).
    Removing stm32f10x_usart.o(i.USART_DMACmd), (18 bytes).
    Removing stm32f10x_usart.o(i.USART_DeInit), (156 bytes).
    Removing stm32f10x_usart.o(i.USART_HalfDuplexCmd), (24 bytes).
    Removing stm32f10x_usart.o(i.USART_IrDACmd), (24 bytes).
    Removing stm32f10x_usart.o(i.USART_IrDAConfig), (18 bytes).
    Removing stm32f10x_usart.o(i.USART_LINBreakDetectLengthConfig), (18 bytes).
    Removing stm32f10x_usart.o(i.USART_LINCmd), (24 bytes).
    Removing stm32f10x_usart.o(i.USART_OneBitMethodCmd), (24 bytes).
    Removing stm32f10x_usart.o(i.USART_OverSampling8Cmd), (22 bytes).
    Removing stm32f10x_usart.o(i.USART_ReceiverWakeUpCmd), (24 bytes).
    Removing stm32f10x_usart.o(i.USART_SendBreak), (10 bytes).
    Removing stm32f10x_usart.o(i.USART_SetAddress), (18 bytes).
    Removing stm32f10x_usart.o(i.USART_SetGuardTime), (16 bytes).
    Removing stm32f10x_usart.o(i.USART_SetPrescaler), (16 bytes).
    Removing stm32f10x_usart.o(i.USART_SmartCardCmd), (24 bytes).
    Removing stm32f10x_usart.o(i.USART_SmartCardNACKCmd), (24 bytes).
    Removing stm32f10x_usart.o(i.USART_StructInit), (24 bytes).
    Removing stm32f10x_usart.o(i.USART_WakeUpConfig), (18 bytes).
    Removing stm32f10x_wwdg.o(i.WWDG_ClearFlag), (12 bytes).
    Removing stm32f10x_wwdg.o(i.WWDG_DeInit), (22 bytes).
    Removing stm32f10x_wwdg.o(i.WWDG_Enable), (16 bytes).
    Removing stm32f10x_wwdg.o(i.WWDG_EnableIT), (12 bytes).
    Removing stm32f10x_wwdg.o(i.WWDG_GetFlagStatus), (12 bytes).
    Removing stm32f10x_wwdg.o(i.WWDG_SetCounter), (16 bytes).
    Removing stm32f10x_wwdg.o(i.WWDG_SetPrescaler), (24 bytes).
    Removing stm32f10x_wwdg.o(i.WWDG_SetWindowValue), (40 bytes).
    Removing delay.o(i.Delay_s), (24 bytes).
    Removing sys.o(.emb_text), (6 bytes).
    Removing sys.o(i.INTX_DISABLE), (4 bytes).
    Removing sys.o(i.INTX_ENABLE), (4 bytes).
    Removing sys.o(i.My_GPIO_Init), (176 bytes).
    Removing sys.o(i.WFI_SET), (4 bytes).
    Removing sys.o(i.log_2), (30 bytes).
    Removing sys.o(i.power), (20 bytes).
    Removing oled.o(i.OLED_ShowBinNum), (62 bytes).
    Removing oled.o(i.OLED_ShowHexNum), (84 bytes).
    Removing oled.o(i.OLED_ShowSignedNum), (102 bytes).
    Removing chess.o(i.Chess_Board_Init), (2 bytes).
    Removing mode_chess.o(i.MAN_result_five), (36 bytes).
    Removing minmax.o(.constdata), (4 bytes).
    Removing led.o(i.LED1_OFF), (16 bytes).
    Removing led.o(i.LED1_ON), (16 bytes).
    Removing led.o(i.LED1_Turn), (36 bytes).
    Removing led.o(i.LED2_OFF), (16 bytes).
    Removing led.o(i.LED2_ON), (16 bytes).
    Removing led.o(i.LED2_Turn), (36 bytes).
    Removing led.o(i.LED8_Turn), (44 bytes).
    Removing serial.o(i.Serial2_GetRxFlag), (28 bytes).
    Removing serial.o(i.Serial_GetRxFlag), (28 bytes).
    Removing serial.o(i.Serial_Pow), (20 bytes).
    Removing serial.o(i.Serial_SendArray), (26 bytes).
    Removing serial.o(i.Serial_SendNumber), (58 bytes).
    Removing serial.o(i.fputc), (16 bytes).
    Removing serialcontral.o(i.Serialcmd), (1072 bytes).
    Removing serialcontral.o(.data), (4 bytes).
    Removing servo.o(.constdata), (24 bytes).
    Removing servomove.o(i.servoCmd), (92 bytes).
    Removing servomove.o(.constdata), (36 bytes).

475 unused section(s) (total 19956 bytes) removed from the image.

==============================================================================

Image Symbol Table

    Local Symbols

    Symbol Name                              Value     Ov Type        Size  Object(Section)

    ../clib/../cmprslib/zerorunl2.c          0x00000000   Number         0  __dczerorl2.o ABSOLUTE
    ../clib/microlib/division.c              0x00000000   Number         0  uidiv.o ABSOLUTE
    ../clib/microlib/division.c              0x00000000   Number         0  uldiv.o ABSOLUTE
    ../clib/microlib/init/entry.s            0x00000000   Number         0  entry7a.o ABSOLUTE
    ../clib/microlib/init/entry.s            0x00000000   Number         0  entry11b.o ABSOLUTE
    ../clib/microlib/init/entry.s            0x00000000   Number         0  entry9a.o ABSOLUTE
    ../clib/microlib/init/entry.s            0x00000000   Number         0  entry9b.o ABSOLUTE
    ../clib/microlib/init/entry.s            0x00000000   Number         0  entry10a.o ABSOLUTE
    ../clib/microlib/init/entry.s            0x00000000   Number         0  entry8a.o ABSOLUTE
    ../clib/microlib/init/entry.s            0x00000000   Number         0  entry2.o ABSOLUTE
    ../clib/microlib/init/entry.s            0x00000000   Number         0  entry10b.o ABSOLUTE
    ../clib/microlib/init/entry.s            0x00000000   Number         0  entry5.o ABSOLUTE
    ../clib/microlib/init/entry.s            0x00000000   Number         0  entry7b.o ABSOLUTE
    ../clib/microlib/init/entry.s            0x00000000   Number         0  entry8b.o ABSOLUTE
    ../clib/microlib/init/entry.s            0x00000000   Number         0  entry.o ABSOLUTE
    ../clib/microlib/init/entry.s            0x00000000   Number         0  entry11a.o ABSOLUTE
    ../clib/microlib/longlong.c              0x00000000   Number         0  llsshr.o ABSOLUTE
    ../clib/microlib/longlong.c              0x00000000   Number         0  llushr.o ABSOLUTE
    ../clib/microlib/longlong.c              0x00000000   Number         0  llshl.o ABSOLUTE
    ../clib/microlib/printf/printf.c         0x00000000   Number         0  printfa.o ABSOLUTE
    ../clib/microlib/stdio/streams.c         0x00000000   Number         0  stdout.o ABSOLUTE
    ../clib/microlib/string/memcpy.c         0x00000000   Number         0  memcpyb.o ABSOLUTE
    ../clib/microlib/string/memcpy.c         0x00000000   Number         0  memcpya.o ABSOLUTE
    ../clib/microlib/stubs.s                 0x00000000   Number         0  iusefp.o ABSOLUTE
    ../fplib/microlib/fpadd.c                0x00000000   Number         0  fadd.o ABSOLUTE
    ../fplib/microlib/fpadd.c                0x00000000   Number         0  dadd.o ABSOLUTE
    ../fplib/microlib/fpdiv.c                0x00000000   Number         0  fdiv.o ABSOLUTE
    ../fplib/microlib/fpdiv.c                0x00000000   Number         0  ddiv.o ABSOLUTE
    ../fplib/microlib/fpepilogue.c           0x00000000   Number         0  fepilogue.o ABSOLUTE
    ../fplib/microlib/fpepilogue.c           0x00000000   Number         0  depilogue.o ABSOLUTE
    ../fplib/microlib/fpfix.c                0x00000000   Number         0  dfixul.o ABSOLUTE
    ../fplib/microlib/fpfix.c                0x00000000   Number         0  ffixui.o ABSOLUTE
    ../fplib/microlib/fpflt.c                0x00000000   Number         0  fflti.o ABSOLUTE
    ../fplib/microlib/fpmul.c                0x00000000   Number         0  fmul.o ABSOLUTE
    ../fplib/microlib/fpmul.c                0x00000000   Number         0  dmul.o ABSOLUTE
    Hardware\Chess.c                         0x00000000   Number         0  chess.o ABSOLUTE
    Hardware\LED.c                           0x00000000   Number         0  led.o ABSOLUTE
    Hardware\Minmax.c                        0x00000000   Number         0  minmax.o ABSOLUTE
    Hardware\OLED.c                          0x00000000   Number         0  oled.o ABSOLUTE
    Hardware\PWM.c                           0x00000000   Number         0  pwm.o ABSOLUTE
    Hardware\Rubbish.c                       0x00000000   Number         0  rubbish.o ABSOLUTE
    Hardware\Serial.c                        0x00000000   Number         0  serial.o ABSOLUTE
    Hardware\SerialContral.c                 0x00000000   Number         0  serialcontral.o ABSOLUTE
    Hardware\Servo.c                         0x00000000   Number         0  servo.o ABSOLUTE
    Hardware\judge.c                         0x00000000   Number         0  judge.o ABSOLUTE
    Hardware\mode_chess.c                    0x00000000   Number         0  mode_chess.o ABSOLUTE
    Hardware\my_vision.c                     0x00000000   Number         0  my_vision.o ABSOLUTE
    Hardware\servomove.c                     0x00000000   Number         0  servomove.o ABSOLUTE
    Library\misc.c                           0x00000000   Number         0  misc.o ABSOLUTE
    Library\stm32f10x_adc.c                  0x00000000   Number         0  stm32f10x_adc.o ABSOLUTE
    Library\stm32f10x_bkp.c                  0x00000000   Number         0  stm32f10x_bkp.o ABSOLUTE
    Library\stm32f10x_can.c                  0x00000000   Number         0  stm32f10x_can.o ABSOLUTE
    Library\stm32f10x_cec.c                  0x00000000   Number         0  stm32f10x_cec.o ABSOLUTE
    Library\stm32f10x_crc.c                  0x00000000   Number         0  stm32f10x_crc.o ABSOLUTE
    Library\stm32f10x_dac.c                  0x00000000   Number         0  stm32f10x_dac.o ABSOLUTE
    Library\stm32f10x_dbgmcu.c               0x00000000   Number         0  stm32f10x_dbgmcu.o ABSOLUTE
    Library\stm32f10x_dma.c                  0x00000000   Number         0  stm32f10x_dma.o ABSOLUTE
    Library\stm32f10x_exti.c                 0x00000000   Number         0  stm32f10x_exti.o ABSOLUTE
    Library\stm32f10x_flash.c                0x00000000   Number         0  stm32f10x_flash.o ABSOLUTE
    Library\stm32f10x_fsmc.c                 0x00000000   Number         0  stm32f10x_fsmc.o ABSOLUTE
    Library\stm32f10x_gpio.c                 0x00000000   Number         0  stm32f10x_gpio.o ABSOLUTE
    Library\stm32f10x_i2c.c                  0x00000000   Number         0  stm32f10x_i2c.o ABSOLUTE
    Library\stm32f10x_iwdg.c                 0x00000000   Number         0  stm32f10x_iwdg.o ABSOLUTE
    Library\stm32f10x_pwr.c                  0x00000000   Number         0  stm32f10x_pwr.o ABSOLUTE
    Library\stm32f10x_rcc.c                  0x00000000   Number         0  stm32f10x_rcc.o ABSOLUTE
    Library\stm32f10x_rtc.c                  0x00000000   Number         0  stm32f10x_rtc.o ABSOLUTE
    Library\stm32f10x_sdio.c                 0x00000000   Number         0  stm32f10x_sdio.o ABSOLUTE
    Library\stm32f10x_spi.c                  0x00000000   Number         0  stm32f10x_spi.o ABSOLUTE
    Library\stm32f10x_tim.c                  0x00000000   Number         0  stm32f10x_tim.o ABSOLUTE
    Library\stm32f10x_usart.c                0x00000000   Number         0  stm32f10x_usart.o ABSOLUTE
    Library\stm32f10x_wwdg.c                 0x00000000   Number         0  stm32f10x_wwdg.o ABSOLUTE
    Start\\core_cm3.c                        0x00000000   Number         0  core_cm3.o ABSOLUTE
    Start\core_cm3.c                         0x00000000   Number         0  core_cm3.o ABSOLUTE
    Start\startup_stm32f10x_md.s             0x00000000   Number         0  startup_stm32f10x_md.o ABSOLUTE
    Start\system_stm32f10x.c                 0x00000000   Number         0  system_stm32f10x.o ABSOLUTE
    System\Delay.c                           0x00000000   Number         0  delay.o ABSOLUTE
    System\Timer.c                           0x00000000   Number         0  timer.o ABSOLUTE
    System\\sys.c                            0x00000000   Number         0  sys.o ABSOLUTE
    System\sys.c                             0x00000000   Number         0  sys.o ABSOLUTE
    User\main.c                              0x00000000   Number         0  main.o ABSOLUTE
    User\stm32f10x_it.c                      0x00000000   Number         0  stm32f10x_it.o ABSOLUTE
    cdrcmple.s                               0x00000000   Number         0  cdrcmple.o ABSOLUTE
    dc.s                                     0x00000000   Number         0  dc.o ABSOLUTE
    handlers.s                               0x00000000   Number         0  handlers.o ABSOLUTE
    init.s                                   0x00000000   Number         0  init.o ABSOLUTE
    RESET                                    0x08000000   Section      236  startup_stm32f10x_md.o(RESET)
    .ARM.Collect$$$$00000000                 0x080000ec   Section        0  entry.o(.ARM.Collect$$$$00000000)
    .ARM.Collect$$$$00000001                 0x080000ec   Section        4  entry2.o(.ARM.Collect$$$$00000001)
    .ARM.Collect$$$$00000004                 0x080000f0   Section        4  entry5.o(.ARM.Collect$$$$00000004)
    .ARM.Collect$$$$00000008                 0x080000f4   Section        0  entry7b.o(.ARM.Collect$$$$00000008)
    .ARM.Collect$$$$0000000A                 0x080000f4   Section        0  entry8b.o(.ARM.Collect$$$$0000000A)
    .ARM.Collect$$$$0000000B                 0x080000f4   Section        8  entry9a.o(.ARM.Collect$$$$0000000B)
    .ARM.Collect$$$$0000000D                 0x080000fc   Section        0  entry10a.o(.ARM.Collect$$$$0000000D)
    .ARM.Collect$$$$0000000F                 0x080000fc   Section        0  entry11a.o(.ARM.Collect$$$$0000000F)
    .ARM.Collect$$$$00002712                 0x080000fc   Section        4  entry2.o(.ARM.Collect$$$$00002712)
    __lit__00000000                          0x080000fc   Data           4  entry2.o(.ARM.Collect$$$$00002712)
    .text                                    0x08000100   Section       36  startup_stm32f10x_md.o(.text)
    .text                                    0x08000124   Section        0  memcpya.o(.text)
    .text                                    0x08000148   Section        0  fadd.o(.text)
    .text                                    0x080001f8   Section        0  fmul.o(.text)
    .text                                    0x0800025c   Section        0  fdiv.o(.text)
    .text                                    0x080002d8   Section        0  fflti.o(.text)
    .text                                    0x080002ea   Section        0  ffixui.o(.text)
    .text                                    0x08000312   Section        0  uidiv.o(.text)
    .text                                    0x0800033e   Section        0  uldiv.o(.text)
    .text                                    0x080003a0   Section        0  fepilogue.o(.text)
    .text                                    0x080003a0   Section        0  iusefp.o(.text)
    .text                                    0x0800040e   Section        0  dadd.o(.text)
    .text                                    0x0800055c   Section        0  dmul.o(.text)
    .text                                    0x08000640   Section        0  ddiv.o(.text)
    .text                                    0x0800071e   Section        0  dfixul.o(.text)
    .text                                    0x08000750   Section       48  cdrcmple.o(.text)
    .text                                    0x08000780   Section       36  init.o(.text)
    .text                                    0x080007a4   Section        0  llshl.o(.text)
    .text                                    0x080007c2   Section        0  llushr.o(.text)
    .text                                    0x080007e2   Section        0  llsshr.o(.text)
    .text                                    0x08000806   Section        0  depilogue.o(.text)
    .text                                    0x080008c0   Section        0  __dczerorl2.o(.text)
    i.Awaiting_Vision                        0x08000918   Section        0  my_vision.o(i.Awaiting_Vision)
    i.BENG                                   0x08000980   Section        0  servo.o(i.BENG)
    i.BusFault_Handler                       0x0800098c   Section        0  stm32f10x_it.o(i.BusFault_Handler)
    i.DebugMon_Handler                       0x08000990   Section        0  stm32f10x_it.o(i.DebugMon_Handler)
    i.Delay_ms                               0x08000992   Section        0  delay.o(i.Delay_ms)
    i.Delay_us                               0x080009aa   Section        0  delay.o(i.Delay_us)
    i.GPIO_Init                              0x080009d8   Section        0  stm32f10x_gpio.o(i.GPIO_Init)
    i.GPIO_ReadOutputDataBit                 0x08000aee   Section        0  stm32f10x_gpio.o(i.GPIO_ReadOutputDataBit)
    i.GPIO_ResetBits                         0x08000b00   Section        0  stm32f10x_gpio.o(i.GPIO_ResetBits)
    i.GPIO_SetBits                           0x08000b04   Section        0  stm32f10x_gpio.o(i.GPIO_SetBits)
    i.GPIO_WriteBit                          0x08000b08   Section        0  stm32f10x_gpio.o(i.GPIO_WriteBit)
    i.HardFault_Handler                      0x08000b12   Section        0  stm32f10x_it.o(i.HardFault_Handler)
    i.LED5_OFF                               0x08000b18   Section        0  led.o(i.LED5_OFF)
    i.LED5_ON                                0x08000b28   Section        0  led.o(i.LED5_ON)
    i.LED5_Turn                              0x08000b38   Section        0  led.o(i.LED5_Turn)
    i.LED8_OFF                               0x08000b5c   Section        0  led.o(i.LED8_OFF)
    i.LED8_ON                                0x08000b70   Section        0  led.o(i.LED8_ON)
    i.LED_Init                               0x08000b84   Section        0  led.o(i.LED_Init)
    i.MAN_SET_Chess                          0x08000bbc   Section        0  judge.o(i.MAN_SET_Chess)
    i.MemManage_Handler                      0x08000c08   Section        0  stm32f10x_it.o(i.MemManage_Handler)
    i.NMI_Handler                            0x08000c0c   Section        0  stm32f10x_it.o(i.NMI_Handler)
    i.NVIC_Init                              0x08000c10   Section        0  misc.o(i.NVIC_Init)
    i.NVIC_PriorityGroupConfig               0x08000c80   Section        0  misc.o(i.NVIC_PriorityGroupConfig)
    i.OLED_Clear                             0x08000c94   Section        0  oled.o(i.OLED_Clear)
    i.OLED_I2C_Init                          0x08000cc0   Section        0  oled.o(i.OLED_I2C_Init)
    i.OLED_I2C_SendByte                      0x08000d10   Section        0  oled.o(i.OLED_I2C_SendByte)
    i.OLED_I2C_Start                         0x08000d64   Section        0  oled.o(i.OLED_I2C_Start)
    i.OLED_I2C_Stop                          0x08000d98   Section        0  oled.o(i.OLED_I2C_Stop)
    i.OLED_Init                              0x08000dc0   Section        0  oled.o(i.OLED_Init)
    i.OLED_Pow                               0x08000e6e   Section        0  oled.o(i.OLED_Pow)
    i.OLED_SetCursor                         0x08000e82   Section        0  oled.o(i.OLED_SetCursor)
    i.OLED_ShowChar                          0x08000ea4   Section        0  oled.o(i.OLED_ShowChar)
    i.OLED_ShowNum                           0x08000f18   Section        0  oled.o(i.OLED_ShowNum)
    i.OLED_ShowString                        0x08000f5c   Section        0  oled.o(i.OLED_ShowString)
    i.OLED_WriteCommand                      0x08000f84   Section        0  oled.o(i.OLED_WriteCommand)
    i.OLED_WriteData                         0x08000fa4   Section        0  oled.o(i.OLED_WriteData)
    i.PWM2_SetCompare1                       0x08000fc4   Section        0  pwm.o(i.PWM2_SetCompare1)
    i.PWM2_SetCompare2                       0x08000fd4   Section        0  pwm.o(i.PWM2_SetCompare2)
    i.PWM_Init                               0x08000fe4   Section        0  pwm.o(i.PWM_Init)
    i.PWM_SetCompare1                        0x0800113c   Section        0  pwm.o(i.PWM_SetCompare1)
    i.PWM_SetCompare2                        0x08001150   Section        0  pwm.o(i.PWM_SetCompare2)
    i.PWM_SetCompare3                        0x08001164   Section        0  pwm.o(i.PWM_SetCompare3)
    i.PendSV_Handler                         0x08001178   Section        0  stm32f10x_it.o(i.PendSV_Handler)
    i.RCC_APB1PeriphClockCmd                 0x0800117c   Section        0  stm32f10x_rcc.o(i.RCC_APB1PeriphClockCmd)
    i.RCC_APB2PeriphClockCmd                 0x0800119c   Section        0  stm32f10x_rcc.o(i.RCC_APB2PeriphClockCmd)
    i.RCC_GetClocksFreq                      0x080011bc   Section        0  stm32f10x_rcc.o(i.RCC_GetClocksFreq)
    i.SVC_Handler                            0x08001290   Section        0  stm32f10x_it.o(i.SVC_Handler)
    i.Serial2_SendByte                       0x08001294   Section        0  serial.o(i.Serial2_SendByte)
    i.Serial_Init                            0x080012b4   Section        0  serial.o(i.Serial_Init)
    i.Serial_Printf                          0x080013ac   Section        0  serial.o(i.Serial_Printf)
    i.Serial_SendByte                        0x080013d0   Section        0  serial.o(i.Serial_SendByte)
    i.Serial_SendString                      0x080013f0   Section        0  serial.o(i.Serial_SendString)
    i.ServoBegin                             0x0800140c   Section        0  servo.o(i.ServoBegin)
    i.ServoMove                              0x08001434   Section        0  servo.o(i.ServoMove)
    i.Servo_Init                             0x08001474   Section        0  servo.o(i.Servo_Init)
    i.Servob                                 0x0800147c   Section        0  servo.o(i.Servob)
    i.Servobegin                             0x080014c0   Section        0  servo.o(i.Servobegin)
    i.Servof                                 0x080014e8   Section        0  servo.o(i.Servof)
    i.Servomove                              0x0800152c   Section        0  servo.o(i.Servomove)
    i.Servor                                 0x08001568   Section        0  servo.o(i.Servor)
    i.SetSysClock                            0x080015ac   Section        0  system_stm32f10x.o(i.SetSysClock)
    SetSysClock                              0x080015ad   Thumb Code     8  system_stm32f10x.o(i.SetSysClock)
    i.SetSysClockTo72                        0x080015b4   Section        0  system_stm32f10x.o(i.SetSysClockTo72)
    SetSysClockTo72                          0x080015b5   Thumb Code   214  system_stm32f10x.o(i.SetSysClockTo72)
    i.SysTick_Handler                        0x08001694   Section        0  stm32f10x_it.o(i.SysTick_Handler)
    i.SystemInit                             0x08001698   Section        0  system_stm32f10x.o(i.SystemInit)
    i.TIM4_IRQHandler                        0x080016f8   Section        0  servo.o(i.TIM4_IRQHandler)
    i.TIM_ClearFlag                          0x0800173c   Section        0  stm32f10x_tim.o(i.TIM_ClearFlag)
    i.TIM_ClearITPendingBit                  0x08001742   Section        0  stm32f10x_tim.o(i.TIM_ClearITPendingBit)
    i.TIM_Cmd                                0x08001748   Section        0  stm32f10x_tim.o(i.TIM_Cmd)
    i.TIM_GetITStatus                        0x08001760   Section        0  stm32f10x_tim.o(i.TIM_GetITStatus)
    i.TIM_ITConfig                           0x08001782   Section        0  stm32f10x_tim.o(i.TIM_ITConfig)
    i.TIM_InternalClockConfig                0x08001794   Section        0  stm32f10x_tim.o(i.TIM_InternalClockConfig)
    i.TIM_OC1Init                            0x080017a0   Section        0  stm32f10x_tim.o(i.TIM_OC1Init)
    i.TIM_OC2Init                            0x08001838   Section        0  stm32f10x_tim.o(i.TIM_OC2Init)
    i.TIM_OC3Init                            0x080018dc   Section        0  stm32f10x_tim.o(i.TIM_OC3Init)
    i.TIM_OC4Init                            0x0800197c   Section        0  stm32f10x_tim.o(i.TIM_OC4Init)
    i.TIM_OCStructInit                       0x080019f8   Section        0  stm32f10x_tim.o(i.TIM_OCStructInit)
    i.TIM_SetCompare1                        0x08001a0c   Section        0  stm32f10x_tim.o(i.TIM_SetCompare1)
    i.TIM_SetCompare2                        0x08001a10   Section        0  stm32f10x_tim.o(i.TIM_SetCompare2)
    i.TIM_SetCompare3                        0x08001a14   Section        0  stm32f10x_tim.o(i.TIM_SetCompare3)
    i.TIM_TimeBaseInit                       0x08001a18   Section        0  stm32f10x_tim.o(i.TIM_TimeBaseInit)
    i.Timer4_Init                            0x08001abc   Section        0  timer.o(i.Timer4_Init)
    i.USART1_IRQHandler                      0x08001b3c   Section        0  serial.o(i.USART1_IRQHandler)
    i.USART2_IRQHandler                      0x08001c6c   Section        0  serial.o(i.USART2_IRQHandler)
    i.USART_ClearITPendingBit                0x08001d80   Section        0  stm32f10x_usart.o(i.USART_ClearITPendingBit)
    i.USART_Cmd                              0x08001d9e   Section        0  stm32f10x_usart.o(i.USART_Cmd)
    i.USART_GetFlagStatus                    0x08001db6   Section        0  stm32f10x_usart.o(i.USART_GetFlagStatus)
    i.USART_GetITStatus                      0x08001dd0   Section        0  stm32f10x_usart.o(i.USART_GetITStatus)
    i.USART_ITConfig                         0x08001e24   Section        0  stm32f10x_usart.o(i.USART_ITConfig)
    i.USART_Init                             0x08001e70   Section        0  stm32f10x_usart.o(i.USART_Init)
    i.USART_ReceiveData                      0x08001f48   Section        0  stm32f10x_usart.o(i.USART_ReceiveData)
    i.USART_SendData                         0x08001f52   Section        0  stm32f10x_usart.o(i.USART_SendData)
    i.UsageFault_Handler                     0x08001f5a   Section        0  stm32f10x_it.o(i.UsageFault_Handler)
    i.__0vsprintf                            0x08001f60   Section        0  printfa.o(i.__0vsprintf)
    i.__scatterload_copy                     0x08001f84   Section       14  handlers.o(i.__scatterload_copy)
    i.__scatterload_null                     0x08001f92   Section        2  handlers.o(i.__scatterload_null)
    i.__scatterload_zeroinit                 0x08001f94   Section       14  handlers.o(i.__scatterload_zeroinit)
    i._fp_digits                             0x08001fa4   Section        0  printfa.o(i._fp_digits)
    _fp_digits                               0x08001fa5   Thumb Code   334  printfa.o(i._fp_digits)
    i._printf_core                           0x08002108   Section        0  printfa.o(i._printf_core)
    _printf_core                             0x08002109   Thumb Code  1744  printfa.o(i._printf_core)
    i._printf_post_padding                   0x080027e4   Section        0  printfa.o(i._printf_post_padding)
    _printf_post_padding                     0x080027e5   Thumb Code    36  printfa.o(i._printf_post_padding)
    i._printf_pre_padding                    0x08002808   Section        0  printfa.o(i._printf_pre_padding)
    _printf_pre_padding                      0x08002809   Thumb Code    46  printfa.o(i._printf_pre_padding)
    i._sputc                                 0x08002836   Section        0  printfa.o(i._sputc)
    _sputc                                   0x08002837   Thumb Code    10  printfa.o(i._sputc)
    i.angelshow                              0x08002840   Section        0  servo.o(i.angelshow)
    i.beng                                   0x0800287c   Section        0  servo.o(i.beng)
    i.beng_OFF                               0x080028c0   Section        0  servo.o(i.beng_OFF)
    i.beng_ON                                0x080028ca   Section        0  servo.o(i.beng_ON)
    i.computer_move                          0x080028d4   Section        0  minmax.o(i.computer_move)
    i.digit_to_Mark                          0x08002960   Section        0  minmax.o(i.digit_to_Mark)
    i.evaluate_board                         0x080029c0   Section        0  minmax.o(i.evaluate_board)
    i.famen                                  0x08002acc   Section        0  servo.o(i.famen)
    i.famen_OFF                              0x08002b10   Section        0  servo.o(i.famen_OFF)
    i.famen_ON                               0x08002b1a   Section        0  servo.o(i.famen_ON)
    i.init_board                             0x08002b24   Section        0  minmax.o(i.init_board)
    i.is_board_full                          0x08002b50   Section        0  minmax.o(i.is_board_full)
    i.judge_the_board                        0x08002b80   Section        0  judge.o(i.judge_the_board)
    i.judge_the_opening                      0x08002c14   Section        0  judge.o(i.judge_the_opening)
    i.luozi                                  0x08002c50   Section        0  servomove.o(i.luozi)
    i.machine_open                           0x08002c90   Section        0  mode_chess.o(i.machine_open)
    i.main                                   0x08002f78   Section        0  main.o(i.main)
    i.man_open                               0x08003058   Section        0  mode_chess.o(i.man_open)
    i.max                                    0x08003130   Section        0  minmax.o(i.max)
    i.min                                    0x0800313e   Section        0  minmax.o(i.min)
    i.minmax_ab                              0x0800314c   Section        0  minmax.o(i.minmax_ab)
    i.request_vision                         0x080032a0   Section        0  my_vision.o(i.request_vision)
    i.servobCmd                              0x080032ac   Section        0  servo.o(i.servobCmd)
    i.servofCmd                              0x08003364   Section        0  servo.o(i.servofCmd)
    i.servorCmd                              0x0800342c   Section        0  servo.o(i.servorCmd)
    i.six                                    0x080034e4   Section        0  servomove.o(i.six)
    i.tizi                                   0x080035d0   Section        0  servomove.o(i.tizi)
    i.wait_instructions                      0x0800362c   Section        0  mode_chess.o(i.wait_instructions)
    i.xiaqi                                  0x0800364c   Section        0  servomove.o(i.xiaqi)
    i.xy_to_digit                            0x080037f4   Section        0  minmax.o(i.xy_to_digit)
    i.yiqi                                   0x0800385c   Section        0  servomove.o(i.yiqi)
    .constdata                               0x0800397c   Section     1520  oled.o(.constdata)
    .data                                    0x20000000   Section       20  stm32f10x_rcc.o(.data)
    APBAHBPrescTable                         0x20000000   Data          16  stm32f10x_rcc.o(.data)
    ADCPrescTable                            0x20000010   Data           4  stm32f10x_rcc.o(.data)
    .data                                    0x20000014   Section        4  timer.o(.data)
    .data                                    0x20000018   Section        8  mode_chess.o(.data)
    .data                                    0x20000020   Section       38  serial.o(.data)
    RxState                                  0x20000042   Data           1  serial.o(.data)
    pRxPacket                                0x20000043   Data           1  serial.o(.data)
    RxState                                  0x20000044   Data           1  serial.o(.data)
    pRxPacket                                0x20000045   Data           1  serial.o(.data)
    .data                                    0x20000048   Section       20  servo.o(.data)
    .data                                    0x2000005c   Section      236  servomove.o(.data)
    .bss                                     0x20000148   Section       36  minmax.o(.bss)
    .bss                                     0x2000016c   Section       52  judge.o(.bss)
    .bss                                     0x200001a0   Section      436  serial.o(.bss)
    STACK                                    0x20000358   Section     1024  startup_stm32f10x_md.o(STACK)

    Global Symbols

    Symbol Name                              Value     Ov Type        Size  Object(Section)

    BuildAttributes$$THM_ISAv4$P$D$K$B$S$PE$A:L22UL41UL21$X:L11$S22US41US21$IEEE1$IW$USESV6$~STKCKD$USESV7$~SHL$OTIME$ROPI$EBA8$MICROLIB$REQ8$PRES8$EABIv2 0x00000000   Number         0  anon$$obj.o ABSOLUTE
    __ARM_use_no_argv                        0x00000000   Number         0  main.o ABSOLUTE
    __cpp_initialize__aeabi_                  - Undefined Weak Reference
    __cxa_finalize                            - Undefined Weak Reference
    _clock_init                               - Undefined Weak Reference
    _microlib_exit                            - Undefined Weak Reference
    __Vectors_Size                           0x000000ec   Number         0  startup_stm32f10x_md.o ABSOLUTE
    __Vectors                                0x08000000   Data           4  startup_stm32f10x_md.o(RESET)
    __Vectors_End                            0x080000ec   Data           0  startup_stm32f10x_md.o(RESET)
    __main                                   0x080000ed   Thumb Code     0  entry.o(.ARM.Collect$$$$00000000)
    _main_stk                                0x080000ed   Thumb Code     0  entry2.o(.ARM.Collect$$$$00000001)
    _main_scatterload                        0x080000f1   Thumb Code     0  entry5.o(.ARM.Collect$$$$00000004)
    __main_after_scatterload                 0x080000f5   Thumb Code     0  entry5.o(.ARM.Collect$$$$00000004)
    _main_clock                              0x080000f5   Thumb Code     0  entry7b.o(.ARM.Collect$$$$00000008)
    _main_cpp_init                           0x080000f5   Thumb Code     0  entry8b.o(.ARM.Collect$$$$0000000A)
    _main_init                               0x080000f5   Thumb Code     0  entry9a.o(.ARM.Collect$$$$0000000B)
    __rt_final_cpp                           0x080000fd   Thumb Code     0  entry10a.o(.ARM.Collect$$$$0000000D)
    __rt_final_exit                          0x080000fd   Thumb Code     0  entry11a.o(.ARM.Collect$$$$0000000F)
    Reset_Handler                            0x08000101   Thumb Code     8  startup_stm32f10x_md.o(.text)
    ADC1_2_IRQHandler                        0x0800011b   Thumb Code     0  startup_stm32f10x_md.o(.text)
    CAN1_RX1_IRQHandler                      0x0800011b   Thumb Code     0  startup_stm32f10x_md.o(.text)
    CAN1_SCE_IRQHandler                      0x0800011b   Thumb Code     0  startup_stm32f10x_md.o(.text)
    DMA1_Channel1_IRQHandler                 0x0800011b   Thumb Code     0  startup_stm32f10x_md.o(.text)
    DMA1_Channel2_IRQHandler                 0x0800011b   Thumb Code     0  startup_stm32f10x_md.o(.text)
    DMA1_Channel3_IRQHandler                 0x0800011b   Thumb Code     0  startup_stm32f10x_md.o(.text)
    DMA1_Channel4_IRQHandler                 0x0800011b   Thumb Code     0  startup_stm32f10x_md.o(.text)
    DMA1_Channel5_IRQHandler                 0x0800011b   Thumb Code     0  startup_stm32f10x_md.o(.text)
    DMA1_Channel6_IRQHandler                 0x0800011b   Thumb Code     0  startup_stm32f10x_md.o(.text)
    DMA1_Channel7_IRQHandler                 0x0800011b   Thumb Code     0  startup_stm32f10x_md.o(.text)
    EXTI0_IRQHandler                         0x0800011b   Thumb Code     0  startup_stm32f10x_md.o(.text)
    EXTI15_10_IRQHandler                     0x0800011b   Thumb Code     0  startup_stm32f10x_md.o(.text)
    EXTI1_IRQHandler                         0x0800011b   Thumb Code     0  startup_stm32f10x_md.o(.text)
    EXTI2_IRQHandler                         0x0800011b   Thumb Code     0  startup_stm32f10x_md.o(.text)
    EXTI3_IRQHandler                         0x0800011b   Thumb Code     0  startup_stm32f10x_md.o(.text)
    EXTI4_IRQHandler                         0x0800011b   Thumb Code     0  startup_stm32f10x_md.o(.text)
    EXTI9_5_IRQHandler                       0x0800011b   Thumb Code     0  startup_stm32f10x_md.o(.text)
    FLASH_IRQHandler                         0x0800011b   Thumb Code     0  startup_stm32f10x_md.o(.text)
    I2C1_ER_IRQHandler                       0x0800011b   Thumb Code     0  startup_stm32f10x_md.o(.text)
    I2C1_EV_IRQHandler                       0x0800011b   Thumb Code     0  startup_stm32f10x_md.o(.text)
    I2C2_ER_IRQHandler                       0x0800011b   Thumb Code     0  startup_stm32f10x_md.o(.text)
    I2C2_EV_IRQHandler                       0x0800011b   Thumb Code     0  startup_stm32f10x_md.o(.text)
    PVD_IRQHandler                           0x0800011b   Thumb Code     0  startup_stm32f10x_md.o(.text)
    RCC_IRQHandler                           0x0800011b   Thumb Code     0  startup_stm32f10x_md.o(.text)
    RTCAlarm_IRQHandler                      0x0800011b   Thumb Code     0  startup_stm32f10x_md.o(.text)
    RTC_IRQHandler                           0x0800011b   Thumb Code     0  startup_stm32f10x_md.o(.text)
    SPI1_IRQHandler                          0x0800011b   Thumb Code     0  startup_stm32f10x_md.o(.text)
    SPI2_IRQHandler                          0x0800011b   Thumb Code     0  startup_stm32f10x_md.o(.text)
    TAMPER_IRQHandler                        0x0800011b   Thumb Code     0  startup_stm32f10x_md.o(.text)
    TIM1_BRK_IRQHandler                      0x0800011b   Thumb Code     0  startup_stm32f10x_md.o(.text)
    TIM1_CC_IRQHandler                       0x0800011b   Thumb Code     0  startup_stm32f10x_md.o(.text)
    TIM1_TRG_COM_IRQHandler                  0x0800011b   Thumb Code     0  startup_stm32f10x_md.o(.text)
    TIM1_UP_IRQHandler                       0x0800011b   Thumb Code     0  startup_stm32f10x_md.o(.text)
    TIM2_IRQHandler                          0x0800011b   Thumb Code     0  startup_stm32f10x_md.o(.text)
    TIM3_IRQHandler                          0x0800011b   Thumb Code     0  startup_stm32f10x_md.o(.text)
    USART3_IRQHandler                        0x0800011b   Thumb Code     0  startup_stm32f10x_md.o(.text)
    USBWakeUp_IRQHandler                     0x0800011b   Thumb Code     0  startup_stm32f10x_md.o(.text)
    USB_HP_CAN1_TX_IRQHandler                0x0800011b   Thumb Code     0  startup_stm32f10x_md.o(.text)
    USB_LP_CAN1_RX0_IRQHandler               0x0800011b   Thumb Code     0  startup_stm32f10x_md.o(.text)
    WWDG_IRQHandler                          0x0800011b   Thumb Code     0  startup_stm32f10x_md.o(.text)
    __aeabi_memcpy                           0x08000125   Thumb Code    36  memcpya.o(.text)
    __aeabi_memcpy4                          0x08000125   Thumb Code     0  memcpya.o(.text)
    __aeabi_memcpy8                          0x08000125   Thumb Code     0  memcpya.o(.text)
    __aeabi_fadd                             0x08000149   Thumb Code   164  fadd.o(.text)
    __aeabi_fsub                             0x080001ed   Thumb Code     6  fadd.o(.text)
    __aeabi_frsub                            0x080001f3   Thumb Code     6  fadd.o(.text)
    __aeabi_fmul                             0x080001f9   Thumb Code   100  fmul.o(.text)
    __aeabi_fdiv                             0x0800025d   Thumb Code   124  fdiv.o(.text)
    __aeabi_i2f                              0x080002d9   Thumb Code    18  fflti.o(.text)
    __aeabi_f2uiz                            0x080002eb   Thumb Code    40  ffixui.o(.text)
    __aeabi_uidiv                            0x08000313   Thumb Code     0  uidiv.o(.text)
    __aeabi_uidivmod                         0x08000313   Thumb Code    44  uidiv.o(.text)
    __aeabi_uldivmod                         0x0800033f   Thumb Code    98  uldiv.o(.text)
    __I$use$fp                               0x080003a1   Thumb Code     0  iusefp.o(.text)
    _float_round                             0x080003a1   Thumb Code    18  fepilogue.o(.text)
    _float_epilogue                          0x080003b3   Thumb Code    92  fepilogue.o(.text)
    __aeabi_dadd                             0x0800040f   Thumb Code   322  dadd.o(.text)
    __aeabi_dsub                             0x08000551   Thumb Code     6  dadd.o(.text)
    __aeabi_drsub                            0x08000557   Thumb Code     6  dadd.o(.text)
    __aeabi_dmul                             0x0800055d   Thumb Code   228  dmul.o(.text)
    __aeabi_ddiv                             0x08000641   Thumb Code   222  ddiv.o(.text)
    __aeabi_d2ulz                            0x0800071f   Thumb Code    48  dfixul.o(.text)
    __aeabi_cdrcmple                         0x08000751   Thumb Code    48  cdrcmple.o(.text)
    __scatterload                            0x08000781   Thumb Code    28  init.o(.text)
    __scatterload_rt2                        0x08000781   Thumb Code     0  init.o(.text)
    __aeabi_llsl                             0x080007a5   Thumb Code    30  llshl.o(.text)
    _ll_shift_l                              0x080007a5   Thumb Code     0  llshl.o(.text)
    __aeabi_llsr                             0x080007c3   Thumb Code    32  llushr.o(.text)
    _ll_ushift_r                             0x080007c3   Thumb Code     0  llushr.o(.text)
    __aeabi_lasr                             0x080007e3   Thumb Code    36  llsshr.o(.text)
    _ll_sshift_r                             0x080007e3   Thumb Code     0  llsshr.o(.text)
    _double_round                            0x08000807   Thumb Code    30  depilogue.o(.text)
    _double_epilogue                         0x08000825   Thumb Code   156  depilogue.o(.text)
    __decompress                             0x080008c1   Thumb Code     0  __dczerorl2.o(.text)
    __decompress1                            0x080008c1   Thumb Code    86  __dczerorl2.o(.text)
    Awaiting_Vision                          0x08000919   Thumb Code    86  my_vision.o(i.Awaiting_Vision)
    BENG                                     0x08000981   Thumb Code    12  servo.o(i.BENG)
    BusFault_Handler                         0x0800098d   Thumb Code     4  stm32f10x_it.o(i.BusFault_Handler)
    DebugMon_Handler                         0x08000991   Thumb Code     2  stm32f10x_it.o(i.DebugMon_Handler)
    Delay_ms                                 0x08000993   Thumb Code    24  delay.o(i.Delay_ms)
    Delay_us                                 0x080009ab   Thumb Code    46  delay.o(i.Delay_us)
    GPIO_Init                                0x080009d9   Thumb Code   278  stm32f10x_gpio.o(i.GPIO_Init)
    GPIO_ReadOutputDataBit                   0x08000aef   Thumb Code    18  stm32f10x_gpio.o(i.GPIO_ReadOutputDataBit)
    GPIO_ResetBits                           0x08000b01   Thumb Code     4  stm32f10x_gpio.o(i.GPIO_ResetBits)
    GPIO_SetBits                             0x08000b05   Thumb Code     4  stm32f10x_gpio.o(i.GPIO_SetBits)
    GPIO_WriteBit                            0x08000b09   Thumb Code    10  stm32f10x_gpio.o(i.GPIO_WriteBit)
    HardFault_Handler                        0x08000b13   Thumb Code     4  stm32f10x_it.o(i.HardFault_Handler)
    LED5_OFF                                 0x08000b19   Thumb Code    12  led.o(i.LED5_OFF)
    LED5_ON                                  0x08000b29   Thumb Code    12  led.o(i.LED5_ON)
    LED5_Turn                                0x08000b39   Thumb Code    32  led.o(i.LED5_Turn)
    LED8_OFF                                 0x08000b5d   Thumb Code    14  led.o(i.LED8_OFF)
    LED8_ON                                  0x08000b71   Thumb Code    14  led.o(i.LED8_ON)
    LED_Init                                 0x08000b85   Thumb Code    50  led.o(i.LED_Init)
    MAN_SET_Chess                            0x08000bbd   Thumb Code    68  judge.o(i.MAN_SET_Chess)
    MemManage_Handler                        0x08000c09   Thumb Code     4  stm32f10x_it.o(i.MemManage_Handler)
    NMI_Handler                              0x08000c0d   Thumb Code     2  stm32f10x_it.o(i.NMI_Handler)
    NVIC_Init                                0x08000c11   Thumb Code   100  misc.o(i.NVIC_Init)
    NVIC_PriorityGroupConfig                 0x08000c81   Thumb Code    10  misc.o(i.NVIC_PriorityGroupConfig)
    OLED_Clear                               0x08000c95   Thumb Code    42  oled.o(i.OLED_Clear)
    OLED_I2C_Init                            0x08000cc1   Thumb Code    76  oled.o(i.OLED_I2C_Init)
    OLED_I2C_SendByte                        0x08000d11   Thumb Code    80  oled.o(i.OLED_I2C_SendByte)
    OLED_I2C_Start                           0x08000d65   Thumb Code    48  oled.o(i.OLED_I2C_Start)
    OLED_I2C_Stop                            0x08000d99   Thumb Code    36  oled.o(i.OLED_I2C_Stop)
    OLED_Init                                0x08000dc1   Thumb Code   174  oled.o(i.OLED_Init)
    OLED_Pow                                 0x08000e6f   Thumb Code    20  oled.o(i.OLED_Pow)
    OLED_SetCursor                           0x08000e83   Thumb Code    34  oled.o(i.OLED_SetCursor)
    OLED_ShowChar                            0x08000ea5   Thumb Code   110  oled.o(i.OLED_ShowChar)
    OLED_ShowNum                             0x08000f19   Thumb Code    68  oled.o(i.OLED_ShowNum)
    OLED_ShowString                          0x08000f5d   Thumb Code    40  oled.o(i.OLED_ShowString)
    OLED_WriteCommand                        0x08000f85   Thumb Code    32  oled.o(i.OLED_WriteCommand)
    OLED_WriteData                           0x08000fa5   Thumb Code    32  oled.o(i.OLED_WriteData)
    PWM2_SetCompare1                         0x08000fc5   Thumb Code    16  pwm.o(i.PWM2_SetCompare1)
    PWM2_SetCompare2                         0x08000fd5   Thumb Code    16  pwm.o(i.PWM2_SetCompare2)
    PWM_Init                                 0x08000fe5   Thumb Code   330  pwm.o(i.PWM_Init)
    PWM_SetCompare1                          0x0800113d   Thumb Code    14  pwm.o(i.PWM_SetCompare1)
    PWM_SetCompare2                          0x08001151   Thumb Code    14  pwm.o(i.PWM_SetCompare2)
    PWM_SetCompare3                          0x08001165   Thumb Code    14  pwm.o(i.PWM_SetCompare3)
    PendSV_Handler                           0x08001179   Thumb Code     2  stm32f10x_it.o(i.PendSV_Handler)
    RCC_APB1PeriphClockCmd                   0x0800117d   Thumb Code    26  stm32f10x_rcc.o(i.RCC_APB1PeriphClockCmd)
    RCC_APB2PeriphClockCmd                   0x0800119d   Thumb Code    26  stm32f10x_rcc.o(i.RCC_APB2PeriphClockCmd)
    RCC_GetClocksFreq                        0x080011bd   Thumb Code   192  stm32f10x_rcc.o(i.RCC_GetClocksFreq)
    SVC_Handler                              0x08001291   Thumb Code     2  stm32f10x_it.o(i.SVC_Handler)
    Serial2_SendByte                         0x08001295   Thumb Code    28  serial.o(i.Serial2_SendByte)
    Serial_Init                              0x080012b5   Thumb Code   236  serial.o(i.Serial_Init)
    Serial_Printf                            0x080013ad   Thumb Code    36  serial.o(i.Serial_Printf)
    Serial_SendByte                          0x080013d1   Thumb Code    28  serial.o(i.Serial_SendByte)
    Serial_SendString                        0x080013f1   Thumb Code    26  serial.o(i.Serial_SendString)
    ServoBegin                               0x0800140d   Thumb Code    28  servo.o(i.ServoBegin)
    ServoMove                                0x08001435   Thumb Code    52  servo.o(i.ServoMove)
    Servo_Init                               0x08001475   Thumb Code     8  servo.o(i.Servo_Init)
    Servob                                   0x0800147d   Thumb Code    56  servo.o(i.Servob)
    Servobegin                               0x080014c1   Thumb Code    28  servo.o(i.Servobegin)
    Servof                                   0x080014e9   Thumb Code    56  servo.o(i.Servof)
    Servomove                                0x0800152d   Thumb Code    46  servo.o(i.Servomove)
    Servor                                   0x08001569   Thumb Code    56  servo.o(i.Servor)
    SysTick_Handler                          0x08001695   Thumb Code     2  stm32f10x_it.o(i.SysTick_Handler)
    SystemInit                               0x08001699   Thumb Code    78  system_stm32f10x.o(i.SystemInit)
    TIM4_IRQHandler                          0x080016f9   Thumb Code    60  servo.o(i.TIM4_IRQHandler)
    TIM_ClearFlag                            0x0800173d   Thumb Code     6  stm32f10x_tim.o(i.TIM_ClearFlag)
    TIM_ClearITPendingBit                    0x08001743   Thumb Code     6  stm32f10x_tim.o(i.TIM_ClearITPendingBit)
    TIM_Cmd                                  0x08001749   Thumb Code    24  stm32f10x_tim.o(i.TIM_Cmd)
    TIM_GetITStatus                          0x08001761   Thumb Code    34  stm32f10x_tim.o(i.TIM_GetITStatus)
    TIM_ITConfig                             0x08001783   Thumb Code    18  stm32f10x_tim.o(i.TIM_ITConfig)
    TIM_InternalClockConfig                  0x08001795   Thumb Code    12  stm32f10x_tim.o(i.TIM_InternalClockConfig)
    TIM_OC1Init                              0x080017a1   Thumb Code   132  stm32f10x_tim.o(i.TIM_OC1Init)
    TIM_OC2Init                              0x08001839   Thumb Code   154  stm32f10x_tim.o(i.TIM_OC2Init)
    TIM_OC3Init                              0x080018dd   Thumb Code   150  stm32f10x_tim.o(i.TIM_OC3Init)
    TIM_OC4Init                              0x0800197d   Thumb Code   114  stm32f10x_tim.o(i.TIM_OC4Init)
    TIM_OCStructInit                         0x080019f9   Thumb Code    20  stm32f10x_tim.o(i.TIM_OCStructInit)
    TIM_SetCompare1                          0x08001a0d   Thumb Code     4  stm32f10x_tim.o(i.TIM_SetCompare1)
    TIM_SetCompare2                          0x08001a11   Thumb Code     4  stm32f10x_tim.o(i.TIM_SetCompare2)
    TIM_SetCompare3                          0x08001a15   Thumb Code     4  stm32f10x_tim.o(i.TIM_SetCompare3)
    TIM_TimeBaseInit                         0x08001a19   Thumb Code   122  stm32f10x_tim.o(i.TIM_TimeBaseInit)
    Timer4_Init                              0x08001abd   Thumb Code   122  timer.o(i.Timer4_Init)
    USART1_IRQHandler                        0x08001b3d   Thumb Code   262  serial.o(i.USART1_IRQHandler)
    USART2_IRQHandler                        0x08001c6d   Thumb Code   246  serial.o(i.USART2_IRQHandler)
    USART_ClearITPendingBit                  0x08001d81   Thumb Code    30  stm32f10x_usart.o(i.USART_ClearITPendingBit)
    USART_Cmd                                0x08001d9f   Thumb Code    24  stm32f10x_usart.o(i.USART_Cmd)
    USART_GetFlagStatus                      0x08001db7   Thumb Code    26  stm32f10x_usart.o(i.USART_GetFlagStatus)
    USART_GetITStatus                        0x08001dd1   Thumb Code    84  stm32f10x_usart.o(i.USART_GetITStatus)
    USART_ITConfig                           0x08001e25   Thumb Code    74  stm32f10x_usart.o(i.USART_ITConfig)
    USART_Init                               0x08001e71   Thumb Code   210  stm32f10x_usart.o(i.USART_Init)
    USART_ReceiveData                        0x08001f49   Thumb Code    10  stm32f10x_usart.o(i.USART_ReceiveData)
    USART_SendData                           0x08001f53   Thumb Code     8  stm32f10x_usart.o(i.USART_SendData)
    UsageFault_Handler                       0x08001f5b   Thumb Code     4  stm32f10x_it.o(i.UsageFault_Handler)
    __0vsprintf                              0x08001f61   Thumb Code    30  printfa.o(i.__0vsprintf)
    __1vsprintf                              0x08001f61   Thumb Code     0  printfa.o(i.__0vsprintf)
    __2vsprintf                              0x08001f61   Thumb Code     0  printfa.o(i.__0vsprintf)
    __c89vsprintf                            0x08001f61   Thumb Code     0  printfa.o(i.__0vsprintf)
    vsprintf                                 0x08001f61   Thumb Code     0  printfa.o(i.__0vsprintf)
    __scatterload_copy                       0x08001f85   Thumb Code    14  handlers.o(i.__scatterload_copy)
    __scatterload_null                       0x08001f93   Thumb Code     2  handlers.o(i.__scatterload_null)
    __scatterload_zeroinit                   0x08001f95   Thumb Code    14  handlers.o(i.__scatterload_zeroinit)
    angelshow                                0x08002841   Thumb Code    46  servo.o(i.angelshow)
    beng                                     0x0800287d   Thumb Code    56  servo.o(i.beng)
    beng_OFF                                 0x080028c1   Thumb Code    10  servo.o(i.beng_OFF)
    beng_ON                                  0x080028cb   Thumb Code    10  servo.o(i.beng_ON)
    computer_move                            0x080028d5   Thumb Code   130  minmax.o(i.computer_move)
    digit_to_Mark                            0x08002961   Thumb Code    90  minmax.o(i.digit_to_Mark)
    evaluate_board                           0x080029c1   Thumb Code   262  minmax.o(i.evaluate_board)
    famen                                    0x08002acd   Thumb Code    56  servo.o(i.famen)
    famen_OFF                                0x08002b11   Thumb Code    10  servo.o(i.famen_OFF)
    famen_ON                                 0x08002b1b   Thumb Code    10  servo.o(i.famen_ON)
    init_board                               0x08002b25   Thumb Code    40  minmax.o(i.init_board)
    is_board_full                            0x08002b51   Thumb Code    44  minmax.o(i.is_board_full)
    judge_the_board                          0x08002b81   Thumb Code   136  judge.o(i.judge_the_board)
    judge_the_opening                        0x08002c15   Thumb Code    54  judge.o(i.judge_the_opening)
    luozi                                    0x08002c51   Thumb Code    64  servomove.o(i.luozi)
    machine_open                             0x08002c91   Thumb Code   734  mode_chess.o(i.machine_open)
    main                                     0x08002f79   Thumb Code   160  main.o(i.main)
    man_open                                 0x08003059   Thumb Code   196  mode_chess.o(i.man_open)
    max                                      0x08003131   Thumb Code    14  minmax.o(i.max)
    min                                      0x0800313f   Thumb Code    14  minmax.o(i.min)
    minmax_ab                                0x0800314d   Thumb Code   330  minmax.o(i.minmax_ab)
    request_vision                           0x080032a1   Thumb Code    10  my_vision.o(i.request_vision)
    servobCmd                                0x080032ad   Thumb Code   106  servo.o(i.servobCmd)
    servofCmd                                0x08003365   Thumb Code   118  servo.o(i.servofCmd)
    servorCmd                                0x0800342d   Thumb Code   106  servo.o(i.servorCmd)
    six                                      0x080034e5   Thumb Code   200  servomove.o(i.six)
    tizi                                     0x080035d1   Thumb Code    92  servomove.o(i.tizi)
    wait_instructions                        0x0800362d   Thumb Code    26  mode_chess.o(i.wait_instructions)
    xiaqi                                    0x0800364d   Thumb Code   340  servomove.o(i.xiaqi)
    xy_to_digit                              0x080037f5   Thumb Code   102  minmax.o(i.xy_to_digit)
    yiqi                                     0x0800385d   Thumb Code   210  servomove.o(i.yiqi)
    OLED_F8x16                               0x0800397c   Data        1520  oled.o(.constdata)
    Region$$Table$$Base                      0x08003f6c   Number         0  anon$$obj.o(Region$$Table)
    Region$$Table$$Limit                     0x08003f8c   Number         0  anon$$obj.o(Region$$Table)
    Num                                      0x20000014   Data           4  timer.o(.data)
    best_result                              0x20000018   Data           4  mode_chess.o(.data)
    recorde_distinction                      0x2000001c   Data           4  mode_chess.o(.data)
    Serial_RxPacket0                         0x20000020   Data           2  serial.o(.data)
    key                                      0x20000024   Data           4  serial.o(.data)
    TI                                       0x20000028   Data           4  serial.o(.data)
    FANG                                     0x2000002c   Data           4  serial.o(.data)
    start                                    0x20000030   Data           4  serial.o(.data)
    Awaiting_Vision_judge                    0x20000034   Data           4  serial.o(.data)
    mode_out                                 0x20000038   Data           4  serial.o(.data)
    Mode                                     0x2000003c   Data           4  serial.o(.data)
    Serial_RxFlag                            0x20000040   Data           1  serial.o(.data)
    Serial2_RxFlag                           0x20000041   Data           1  serial.o(.data)
    speed                                    0x20000048   Data           4  servo.o(.data)
    Angleb                                   0x2000004c   Data           4  servo.o(.data)
    Anglef                                   0x20000050   Data           4  servo.o(.data)
    Angler                                   0x20000054   Data           4  servo.o(.data)
    flag                                     0x20000058   Data           4  servo.o(.data)
    zi1                                      0x2000005c   Data          12  servomove.o(.data)
    zi2                                      0x20000068   Data          12  servomove.o(.data)
    zi3                                      0x20000074   Data          12  servomove.o(.data)
    zi4                                      0x20000080   Data          12  servomove.o(.data)
    zi5                                      0x2000008c   Data          12  servomove.o(.data)
    zi6                                      0x20000098   Data          12  servomove.o(.data)
    zi7                                      0x200000a4   Data          12  servomove.o(.data)
    zi8                                      0x200000b0   Data          12  servomove.o(.data)
    zi9                                      0x200000bc   Data          12  servomove.o(.data)
    zi10                                     0x200000c8   Data          12  servomove.o(.data)
    ge1                                      0x200000d4   Data          12  servomove.o(.data)
    ge2                                      0x200000e0   Data          12  servomove.o(.data)
    ge3                                      0x200000ec   Data          12  servomove.o(.data)
    ge4                                      0x200000f8   Data          12  servomove.o(.data)
    ge5                                      0x20000104   Data          12  servomove.o(.data)
    ge6                                      0x20000110   Data          12  servomove.o(.data)
    ge7                                      0x2000011c   Data          12  servomove.o(.data)
    ge8                                      0x20000128   Data          12  servomove.o(.data)
    ge9                                      0x20000134   Data          12  servomove.o(.data)
    hei                                      0x20000140   Data           4  servomove.o(.data)
    bai                                      0x20000144   Data           4  servomove.o(.data)
    board                                    0x20000148   Data          36  minmax.o(.bss)
    last_board                               0x2000016c   Data          36  judge.o(.bss)
    distinction_arr                          0x20000190   Data          16  judge.o(.bss)
    Serial2_RxPacket                         0x200001a0   Data           9  serial.o(.bss)
    a                                        0x200001ac   Data         324  serial.o(.bss)
    Serial_RxPacket                          0x200002f0   Data         100  serial.o(.bss)
    __initial_sp                             0x20000758   Data           0  startup_stm32f10x_md.o(STACK)



==============================================================================

Memory Map of the image

  Image Entry point : 0x080000ed

  Load Region LR_IROM1 (Base: 0x08000000, Size: 0x000040d4, Max: 0x00010000, ABSOLUTE, COMPRESSED[0x0000400c])

    Execution Region ER_IROM1 (Exec base: 0x08000000, Load base: 0x08000000, Size: 0x00003f8c, Max: 0x00010000, ABSOLUTE)

    Exec Addr    Load Addr    Size         Type   Attr      Idx    E Section Name        Object

    0x08000000   0x08000000   0x000000ec   Data   RO            3    RESET               startup_stm32f10x_md.o
    0x080000ec   0x080000ec   0x00000000   Code   RO         4169  * .ARM.Collect$$$$00000000  mc_w.l(entry.o)
    0x080000ec   0x080000ec   0x00000004   Code   RO         4214    .ARM.Collect$$$$00000001  mc_w.l(entry2.o)
    0x080000f0   0x080000f0   0x00000004   Code   RO         4217    .ARM.Collect$$$$00000004  mc_w.l(entry5.o)
    0x080000f4   0x080000f4   0x00000000   Code   RO         4219    .ARM.Collect$$$$00000008  mc_w.l(entry7b.o)
    0x080000f4   0x080000f4   0x00000000   Code   RO         4221    .ARM.Collect$$$$0000000A  mc_w.l(entry8b.o)
    0x080000f4   0x080000f4   0x00000008   Code   RO         4222    .ARM.Collect$$$$0000000B  mc_w.l(entry9a.o)
    0x080000fc   0x080000fc   0x00000000   Code   RO         4224    .ARM.Collect$$$$0000000D  mc_w.l(entry10a.o)
    0x080000fc   0x080000fc   0x00000000   Code   RO         4226    .ARM.Collect$$$$0000000F  mc_w.l(entry11a.o)
    0x080000fc   0x080000fc   0x00000004   Code   RO         4215    .ARM.Collect$$$$00002712  mc_w.l(entry2.o)
    0x08000100   0x08000100   0x00000024   Code   RO            4    .text               startup_stm32f10x_md.o
    0x08000124   0x08000124   0x00000024   Code   RO         4172    .text               mc_w.l(memcpya.o)
    0x08000148   0x08000148   0x000000b0   Code   RO         4204    .text               mf_w.l(fadd.o)
    0x080001f8   0x080001f8   0x00000064   Code   RO         4206    .text               mf_w.l(fmul.o)
    0x0800025c   0x0800025c   0x0000007c   Code   RO         4208    .text               mf_w.l(fdiv.o)
    0x080002d8   0x080002d8   0x00000012   Code   RO         4210    .text               mf_w.l(fflti.o)
    0x080002ea   0x080002ea   0x00000028   Code   RO         4212    .text               mf_w.l(ffixui.o)
    0x08000312   0x08000312   0x0000002c   Code   RO         4229    .text               mc_w.l(uidiv.o)
    0x0800033e   0x0800033e   0x00000062   Code   RO         4231    .text               mc_w.l(uldiv.o)
    0x080003a0   0x080003a0   0x00000000   Code   RO         4233    .text               mc_w.l(iusefp.o)
    0x080003a0   0x080003a0   0x0000006e   Code   RO         4234    .text               mf_w.l(fepilogue.o)
    0x0800040e   0x0800040e   0x0000014e   Code   RO         4236    .text               mf_w.l(dadd.o)
    0x0800055c   0x0800055c   0x000000e4   Code   RO         4238    .text               mf_w.l(dmul.o)
    0x08000640   0x08000640   0x000000de   Code   RO         4240    .text               mf_w.l(ddiv.o)
    0x0800071e   0x0800071e   0x00000030   Code   RO         4242    .text               mf_w.l(dfixul.o)
    0x0800074e   0x0800074e   0x00000002   PAD
    0x08000750   0x08000750   0x00000030   Code   RO         4244    .text               mf_w.l(cdrcmple.o)
    0x08000780   0x08000780   0x00000024   Code   RO         4246    .text               mc_w.l(init.o)
    0x080007a4   0x080007a4   0x0000001e   Code   RO         4248    .text               mc_w.l(llshl.o)
    0x080007c2   0x080007c2   0x00000020   Code   RO         4250    .text               mc_w.l(llushr.o)
    0x080007e2   0x080007e2   0x00000024   Code   RO         4252    .text               mc_w.l(llsshr.o)
    0x08000806   0x08000806   0x000000ba   Code   RO         4254    .text               mf_w.l(depilogue.o)
    0x080008c0   0x080008c0   0x00000056   Code   RO         4264    .text               mc_w.l(__dczerorl2.o)
    0x08000916   0x08000916   0x00000002   PAD
    0x08000918   0x08000918   0x00000068   Code   RO         3569    i.Awaiting_Vision   my_vision.o
    0x08000980   0x08000980   0x0000000c   Code   RO         3879    i.BENG              servo.o
    0x0800098c   0x0800098c   0x00000004   Code   RO         4106    i.BusFault_Handler  stm32f10x_it.o
    0x08000990   0x08000990   0x00000002   Code   RO         4107    i.DebugMon_Handler  stm32f10x_it.o
    0x08000992   0x08000992   0x00000018   Code   RO         3196    i.Delay_ms          delay.o
    0x080009aa   0x080009aa   0x0000002e   Code   RO         3198    i.Delay_us          delay.o
    0x080009d8   0x080009d8   0x00000116   Code   RO         1347    i.GPIO_Init         stm32f10x_gpio.o
    0x08000aee   0x08000aee   0x00000012   Code   RO         1353    i.GPIO_ReadOutputDataBit  stm32f10x_gpio.o
    0x08000b00   0x08000b00   0x00000004   Code   RO         1354    i.GPIO_ResetBits    stm32f10x_gpio.o
    0x08000b04   0x08000b04   0x00000004   Code   RO         1355    i.GPIO_SetBits      stm32f10x_gpio.o
    0x08000b08   0x08000b08   0x0000000a   Code   RO         1358    i.GPIO_WriteBit     stm32f10x_gpio.o
    0x08000b12   0x08000b12   0x00000004   Code   RO         4108    i.HardFault_Handler  stm32f10x_it.o
    0x08000b16   0x08000b16   0x00000002   PAD
    0x08000b18   0x08000b18   0x00000010   Code   RO         3634    i.LED5_OFF          led.o
    0x08000b28   0x08000b28   0x00000010   Code   RO         3635    i.LED5_ON           led.o
    0x08000b38   0x08000b38   0x00000024   Code   RO         3636    i.LED5_Turn         led.o
    0x08000b5c   0x08000b5c   0x00000014   Code   RO         3637    i.LED8_OFF          led.o
    0x08000b70   0x08000b70   0x00000014   Code   RO         3638    i.LED8_ON           led.o
    0x08000b84   0x08000b84   0x00000038   Code   RO         3640    i.LED_Init          led.o
    0x08000bbc   0x08000bbc   0x0000004c   Code   RO         3591    i.MAN_SET_Chess     judge.o
    0x08000c08   0x08000c08   0x00000004   Code   RO         4109    i.MemManage_Handler  stm32f10x_it.o
    0x08000c0c   0x08000c0c   0x00000002   Code   RO         4110    i.NMI_Handler       stm32f10x_it.o
    0x08000c0e   0x08000c0e   0x00000002   PAD
    0x08000c10   0x08000c10   0x00000070   Code   RO          137    i.NVIC_Init         misc.o
    0x08000c80   0x08000c80   0x00000014   Code   RO          138    i.NVIC_PriorityGroupConfig  misc.o
    0x08000c94   0x08000c94   0x0000002a   Code   RO         3307    i.OLED_Clear        oled.o
    0x08000cbe   0x08000cbe   0x00000002   PAD
    0x08000cc0   0x08000cc0   0x00000050   Code   RO         3308    i.OLED_I2C_Init     oled.o
    0x08000d10   0x08000d10   0x00000054   Code   RO         3309    i.OLED_I2C_SendByte  oled.o
    0x08000d64   0x08000d64   0x00000034   Code   RO         3310    i.OLED_I2C_Start    oled.o
    0x08000d98   0x08000d98   0x00000028   Code   RO         3311    i.OLED_I2C_Stop     oled.o
    0x08000dc0   0x08000dc0   0x000000ae   Code   RO         3312    i.OLED_Init         oled.o
    0x08000e6e   0x08000e6e   0x00000014   Code   RO         3313    i.OLED_Pow          oled.o
    0x08000e82   0x08000e82   0x00000022   Code   RO         3314    i.OLED_SetCursor    oled.o
    0x08000ea4   0x08000ea4   0x00000074   Code   RO         3316    i.OLED_ShowChar     oled.o
    0x08000f18   0x08000f18   0x00000044   Code   RO         3318    i.OLED_ShowNum      oled.o
    0x08000f5c   0x08000f5c   0x00000028   Code   RO         3320    i.OLED_ShowString   oled.o
    0x08000f84   0x08000f84   0x00000020   Code   RO         3321    i.OLED_WriteCommand  oled.o
    0x08000fa4   0x08000fa4   0x00000020   Code   RO         3322    i.OLED_WriteData    oled.o
    0x08000fc4   0x08000fc4   0x00000010   Code   RO         3712    i.PWM2_SetCompare1  pwm.o
    0x08000fd4   0x08000fd4   0x00000010   Code   RO         3713    i.PWM2_SetCompare2  pwm.o
    0x08000fe4   0x08000fe4   0x00000158   Code   RO         3714    i.PWM_Init          pwm.o
    0x0800113c   0x0800113c   0x00000014   Code   RO         3715    i.PWM_SetCompare1   pwm.o
    0x08001150   0x08001150   0x00000014   Code   RO         3716    i.PWM_SetCompare2   pwm.o
    0x08001164   0x08001164   0x00000014   Code   RO         3717    i.PWM_SetCompare3   pwm.o
    0x08001178   0x08001178   0x00000002   Code   RO         4111    i.PendSV_Handler    stm32f10x_it.o
    0x0800117a   0x0800117a   0x00000002   PAD
    0x0800117c   0x0800117c   0x00000020   Code   RO         1775    i.RCC_APB1PeriphClockCmd  stm32f10x_rcc.o
    0x0800119c   0x0800119c   0x00000020   Code   RO         1777    i.RCC_APB2PeriphClockCmd  stm32f10x_rcc.o
    0x080011bc   0x080011bc   0x000000d4   Code   RO         1785    i.RCC_GetClocksFreq  stm32f10x_rcc.o
    0x08001290   0x08001290   0x00000002   Code   RO         4112    i.SVC_Handler       stm32f10x_it.o
    0x08001292   0x08001292   0x00000002   PAD
    0x08001294   0x08001294   0x00000020   Code   RO         3755    i.Serial2_SendByte  serial.o
    0x080012b4   0x080012b4   0x000000f8   Code   RO         3757    i.Serial_Init       serial.o
    0x080013ac   0x080013ac   0x00000024   Code   RO         3759    i.Serial_Printf     serial.o
    0x080013d0   0x080013d0   0x00000020   Code   RO         3761    i.Serial_SendByte   serial.o
    0x080013f0   0x080013f0   0x0000001a   Code   RO         3763    i.Serial_SendString  serial.o
    0x0800140a   0x0800140a   0x00000002   PAD
    0x0800140c   0x0800140c   0x00000028   Code   RO         3880    i.ServoBegin        servo.o
    0x08001434   0x08001434   0x00000040   Code   RO         3881    i.ServoMove         servo.o
    0x08001474   0x08001474   0x00000008   Code   RO         3882    i.Servo_Init        servo.o
    0x0800147c   0x0800147c   0x00000044   Code   RO         3883    i.Servob            servo.o
    0x080014c0   0x080014c0   0x00000028   Code   RO         3884    i.Servobegin        servo.o
    0x080014e8   0x080014e8   0x00000044   Code   RO         3885    i.Servof            servo.o
    0x0800152c   0x0800152c   0x0000003c   Code   RO         3886    i.Servomove         servo.o
    0x08001568   0x08001568   0x00000044   Code   RO         3887    i.Servor            servo.o
    0x080015ac   0x080015ac   0x00000008   Code   RO           24    i.SetSysClock       system_stm32f10x.o
    0x080015b4   0x080015b4   0x000000e0   Code   RO           25    i.SetSysClockTo72   system_stm32f10x.o
    0x08001694   0x08001694   0x00000002   Code   RO         4113    i.SysTick_Handler   stm32f10x_it.o
    0x08001696   0x08001696   0x00000002   PAD
    0x08001698   0x08001698   0x00000060   Code   RO           27    i.SystemInit        system_stm32f10x.o
    0x080016f8   0x080016f8   0x00000044   Code   RO         3888    i.TIM4_IRQHandler   servo.o
    0x0800173c   0x0800173c   0x00000006   Code   RO         2415    i.TIM_ClearFlag     stm32f10x_tim.o
    0x08001742   0x08001742   0x00000006   Code   RO         2416    i.TIM_ClearITPendingBit  stm32f10x_tim.o
    0x08001748   0x08001748   0x00000018   Code   RO         2421    i.TIM_Cmd           stm32f10x_tim.o
    0x08001760   0x08001760   0x00000022   Code   RO         2442    i.TIM_GetITStatus   stm32f10x_tim.o
    0x08001782   0x08001782   0x00000012   Code   RO         2446    i.TIM_ITConfig      stm32f10x_tim.o
    0x08001794   0x08001794   0x0000000c   Code   RO         2448    i.TIM_InternalClockConfig  stm32f10x_tim.o
    0x080017a0   0x080017a0   0x00000098   Code   RO         2450    i.TIM_OC1Init       stm32f10x_tim.o
    0x08001838   0x08001838   0x000000a4   Code   RO         2455    i.TIM_OC2Init       stm32f10x_tim.o
    0x080018dc   0x080018dc   0x000000a0   Code   RO         2460    i.TIM_OC3Init       stm32f10x_tim.o
    0x0800197c   0x0800197c   0x0000007c   Code   RO         2465    i.TIM_OC4Init       stm32f10x_tim.o
    0x080019f8   0x080019f8   0x00000014   Code   RO         2468    i.TIM_OCStructInit  stm32f10x_tim.o
    0x08001a0c   0x08001a0c   0x00000004   Code   RO         2482    i.TIM_SetCompare1   stm32f10x_tim.o
    0x08001a10   0x08001a10   0x00000004   Code   RO         2483    i.TIM_SetCompare2   stm32f10x_tim.o
    0x08001a14   0x08001a14   0x00000004   Code   RO         2484    i.TIM_SetCompare3   stm32f10x_tim.o
    0x08001a18   0x08001a18   0x000000a4   Code   RO         2492    i.TIM_TimeBaseInit  stm32f10x_tim.o
    0x08001abc   0x08001abc   0x00000080   Code   RO         3292    i.Timer4_Init       timer.o
    0x08001b3c   0x08001b3c   0x00000130   Code   RO         3764    i.USART1_IRQHandler  serial.o
    0x08001c6c   0x08001c6c   0x00000114   Code   RO         3765    i.USART2_IRQHandler  serial.o
    0x08001d80   0x08001d80   0x0000001e   Code   RO         2957    i.USART_ClearITPendingBit  stm32f10x_usart.o
    0x08001d9e   0x08001d9e   0x00000018   Code   RO         2960    i.USART_Cmd         stm32f10x_usart.o
    0x08001db6   0x08001db6   0x0000001a   Code   RO         2963    i.USART_GetFlagStatus  stm32f10x_usart.o
    0x08001dd0   0x08001dd0   0x00000054   Code   RO         2964    i.USART_GetITStatus  stm32f10x_usart.o
    0x08001e24   0x08001e24   0x0000004a   Code   RO         2966    i.USART_ITConfig    stm32f10x_usart.o
    0x08001e6e   0x08001e6e   0x00000002   PAD
    0x08001e70   0x08001e70   0x000000d8   Code   RO         2967    i.USART_Init        stm32f10x_usart.o
    0x08001f48   0x08001f48   0x0000000a   Code   RO         2974    i.USART_ReceiveData  stm32f10x_usart.o
    0x08001f52   0x08001f52   0x00000008   Code   RO         2977    i.USART_SendData    stm32f10x_usart.o
    0x08001f5a   0x08001f5a   0x00000004   Code   RO         4114    i.UsageFault_Handler  stm32f10x_it.o
    0x08001f5e   0x08001f5e   0x00000002   PAD
    0x08001f60   0x08001f60   0x00000024   Code   RO         4183    i.__0vsprintf       mc_w.l(printfa.o)
    0x08001f84   0x08001f84   0x0000000e   Code   RO         4258    i.__scatterload_copy  mc_w.l(handlers.o)
    0x08001f92   0x08001f92   0x00000002   Code   RO         4259    i.__scatterload_null  mc_w.l(handlers.o)
    0x08001f94   0x08001f94   0x0000000e   Code   RO         4260    i.__scatterload_zeroinit  mc_w.l(handlers.o)
    0x08001fa2   0x08001fa2   0x00000002   PAD
    0x08001fa4   0x08001fa4   0x00000164   Code   RO         4184    i._fp_digits        mc_w.l(printfa.o)
    0x08002108   0x08002108   0x000006dc   Code   RO         4185    i._printf_core      mc_w.l(printfa.o)
    0x080027e4   0x080027e4   0x00000024   Code   RO         4186    i._printf_post_padding  mc_w.l(printfa.o)
    0x08002808   0x08002808   0x0000002e   Code   RO         4187    i._printf_pre_padding  mc_w.l(printfa.o)
    0x08002836   0x08002836   0x0000000a   Code   RO         4189    i._sputc            mc_w.l(printfa.o)
    0x08002840   0x08002840   0x0000003c   Code   RO         3889    i.angelshow         servo.o
    0x0800287c   0x0800287c   0x00000044   Code   RO         3890    i.beng              servo.o
    0x080028c0   0x080028c0   0x0000000a   Code   RO         3891    i.beng_OFF          servo.o
    0x080028ca   0x080028ca   0x0000000a   Code   RO         3892    i.beng_ON           servo.o
    0x080028d4   0x080028d4   0x0000008c   Code   RO         3507    i.computer_move     minmax.o
    0x08002960   0x08002960   0x00000060   Code   RO         3508    i.digit_to_Mark     minmax.o
    0x080029c0   0x080029c0   0x0000010c   Code   RO         3509    i.evaluate_board    minmax.o
    0x08002acc   0x08002acc   0x00000044   Code   RO         3893    i.famen             servo.o
    0x08002b10   0x08002b10   0x0000000a   Code   RO         3894    i.famen_OFF         servo.o
    0x08002b1a   0x08002b1a   0x0000000a   Code   RO         3895    i.famen_ON          servo.o
    0x08002b24   0x08002b24   0x0000002c   Code   RO         3510    i.init_board        minmax.o
    0x08002b50   0x08002b50   0x00000030   Code   RO         3511    i.is_board_full     minmax.o
    0x08002b80   0x08002b80   0x00000094   Code   RO         3592    i.judge_the_board   judge.o
    0x08002c14   0x08002c14   0x0000003c   Code   RO         3593    i.judge_the_opening  judge.o
    0x08002c50   0x08002c50   0x00000040   Code   RO         4016    i.luozi             servomove.o
    0x08002c90   0x08002c90   0x000002e8   Code   RO         3434    i.machine_open      mode_chess.o
    0x08002f78   0x08002f78   0x000000e0   Code   RO         4062    i.main              main.o
    0x08003058   0x08003058   0x000000d8   Code   RO         3435    i.man_open          mode_chess.o
    0x08003130   0x08003130   0x0000000e   Code   RO         3512    i.max               minmax.o
    0x0800313e   0x0800313e   0x0000000e   Code   RO         3513    i.min               minmax.o
    0x0800314c   0x0800314c   0x00000154   Code   RO         3514    i.minmax_ab         minmax.o
    0x080032a0   0x080032a0   0x0000000a   Code   RO         3570    i.request_vision    my_vision.o
    0x080032aa   0x080032aa   0x00000002   PAD
    0x080032ac   0x080032ac   0x000000b8   Code   RO         3896    i.servobCmd         servo.o
    0x08003364   0x08003364   0x000000c8   Code   RO         3897    i.servofCmd         servo.o
    0x0800342c   0x0800342c   0x000000b8   Code   RO         3898    i.servorCmd         servo.o
    0x080034e4   0x080034e4   0x000000ec   Code   RO         4018    i.six               servomove.o
    0x080035d0   0x080035d0   0x0000005c   Code   RO         4019    i.tizi              servomove.o
    0x0800362c   0x0800362c   0x00000020   Code   RO         3436    i.wait_instructions  mode_chess.o
    0x0800364c   0x0800364c   0x000001a8   Code   RO         4020    i.xiaqi             servomove.o
    0x080037f4   0x080037f4   0x00000066   Code   RO         3515    i.xy_to_digit       minmax.o
    0x0800385a   0x0800385a   0x00000002   PAD
    0x0800385c   0x0800385c   0x00000120   Code   RO         4021    i.yiqi              servomove.o
    0x0800397c   0x0800397c   0x000005f0   Data   RO         3323    .constdata          oled.o
    0x08003f6c   0x08003f6c   0x00000020   Data   RO         4256    Region$$Table       anon$$obj.o


    Execution Region RW_IRAM1 (Exec base: 0x20000000, Load base: 0x08003f8c, Size: 0x00000758, Max: 0x00005000, ABSOLUTE, COMPRESSED[0x00000080])

    Exec Addr    Load Addr    Size         Type   Attr      Idx    E Section Name        Object

    0x20000000   COMPRESSED   0x00000014   Data   RW         1805    .data               stm32f10x_rcc.o
    0x20000014   COMPRESSED   0x00000004   Data   RW         3293    .data               timer.o
    0x20000018   COMPRESSED   0x00000008   Data   RW         3437    .data               mode_chess.o
    0x20000020   COMPRESSED   0x00000026   Data   RW         3768    .data               serial.o
    0x20000046   COMPRESSED   0x00000002   PAD
    0x20000048   COMPRESSED   0x00000014   Data   RW         3900    .data               servo.o
    0x2000005c   COMPRESSED   0x000000ec   Data   RW         4023    .data               servomove.o
    0x20000148        -       0x00000024   Zero   RW         3516    .bss                minmax.o
    0x2000016c        -       0x00000034   Zero   RW         3594    .bss                judge.o
    0x200001a0        -       0x000001b4   Zero   RW         3767    .bss                serial.o
    0x20000354   COMPRESSED   0x00000004   PAD
    0x20000358        -       0x00000400   Zero   RW            1    STACK               startup_stm32f10x_md.o


==============================================================================

Image component sizes


      Code (inc. data)   RO Data    RW Data    ZI Data      Debug   Object Name

         0          0          0          0          0       4488   core_cm3.o
        70          0          0          0          0       1078   delay.o
       284         26          0          0         52       3063   judge.o
       164         30          0          0          0       3053   led.o
       224         64          0          0          0        631   main.o
      1066         40          0          0         36       7355   minmax.o
       132         22          0          0          0     205147   misc.o
       992         36          0          8          0       2820   mode_chess.o
       114         18          0          0          0       1223   my_vision.o
       814         22       1520          0          0       8593   oled.o
       436         32          0          0          0       3583   pwm.o
       954         92          0         38        436       6764   serial.o
      1300        370          0         20          0      12002   servo.o
      1104        262          0        236          0       4991   servomove.o
        36          8        236          0       1024        856   startup_stm32f10x_md.o
         0          0          0          0          0       1740   stm32f10x_adc.o
       314          0          0          0          0      12873   stm32f10x_gpio.o
        26          0          0          0          0       4466   stm32f10x_it.o
       276         32          0         20          0      13454   stm32f10x_rcc.o
       896         92          0          0          0      30673   stm32f10x_tim.o
       472          6          0          0          0      13231   stm32f10x_usart.o
       328         28          0          0          0      45865   system_stm32f10x.o
       128          6          0          4          0        928   timer.o

    ----------------------------------------------------------------------
     10152       1186       1788        328       1552     388877   Object Totals
         0          0         32          0          0          0   (incl. Generated)
        22          0          0          2          4          0   (incl. Padding)

    ----------------------------------------------------------------------

      Code (inc. data)   RO Data    RW Data    ZI Data      Debug   Library Member Name

        86          0          0          0          0          0   __dczerorl2.o
         0          0          0          0          0          0   entry.o
         0          0          0          0          0          0   entry10a.o
         0          0          0          0          0          0   entry11a.o
         8          4          0          0          0          0   entry2.o
         4          0          0          0          0          0   entry5.o
         0          0          0          0          0          0   entry7b.o
         0          0          0          0          0          0   entry8b.o
         8          4          0          0          0          0   entry9a.o
        30          0          0          0          0          0   handlers.o
        36          8          0          0          0         68   init.o
         0          0          0          0          0          0   iusefp.o
        30          0          0          0          0         68   llshl.o
        36          0          0          0          0         68   llsshr.o
        32          0          0          0          0         68   llushr.o
        36          0          0          0          0         68   memcpya.o
      2240         86          0          0          0        508   printfa.o
        44          0          0          0          0         80   uidiv.o
        98          0          0          0          0         92   uldiv.o
        48          0          0          0          0         68   cdrcmple.o
       334          0          0          0          0        148   dadd.o
       222          0          0          0          0        100   ddiv.o
       186          0          0          0          0        176   depilogue.o
        48          0          0          0          0         68   dfixul.o
       228          0          0          0          0         96   dmul.o
       176          0          0          0          0        140   fadd.o
       124          0          0          0          0         88   fdiv.o
       110          0          0          0          0        168   fepilogue.o
        40          0          0          0          0         68   ffixui.o
        18          0          0          0          0         68   fflti.o
       100          0          0          0          0         76   fmul.o

    ----------------------------------------------------------------------
      4328        102          0          0          0       2284   Library Totals
         6          0          0          0          0          0   (incl. Padding)

    ----------------------------------------------------------------------

      Code (inc. data)   RO Data    RW Data    ZI Data      Debug   Library Name

      2688        102          0          0          0       1020   mc_w.l
      1634          0          0          0          0       1264   mf_w.l

    ----------------------------------------------------------------------
      4328        102          0          0          0       2284   Library Totals

    ----------------------------------------------------------------------

==============================================================================


      Code (inc. data)   RO Data    RW Data    ZI Data      Debug   

     14480       1288       1788        328       1552     383957   Grand Totals
     14480       1288       1788        128       1552     383957   ELF Image Totals (compressed)
     14480       1288       1788        128          0          0   ROM Totals

==============================================================================

    Total RO  Size (Code + RO Data)                16268 (  15.89kB)
    Total RW  Size (RW Data + ZI Data)              1880 (   1.84kB)
    Total ROM Size (Code + RO Data + RW Data)      16396 (  16.01kB)

==============================================================================

